<html>
<body>
<pre>
<h1>µVision Build Log</h1>
<h2>Tool Versions:</h2>
IDE-Version: µVision V5.24.2.0
Copyright (C) 2017 ARM Ltd and ARM Germany GmbH. All rights reserved.
License Information: ruslan mambetov, cpd, LIC=V8512-9SRW2-KSLYM-XGNX1-83HTB-77ME9
 
Tool Versions:
Toolchain:       MDK-ARM Professional  Version: 5.24.1
Toolchain Path:  C:\Keil_v5\ARM\ARMCC\Bin
C Compiler:      Armcc.exe V5.06 update 5 (build 528)
Assembler:       Armasm.exe V5.06 update 5 (build 528)
Linker/Locator:  ArmLink.exe V5.06 update 5 (build 528)
Library Manager: ArmAr.exe V5.06 update 5 (build 528)
Hex Converter:   FromElf.exe V5.06 update 5 (build 528)
CPU DLL:         SARMCM3.DLL V5.24.1
Dialog DLL:      DCM.DLL V1.16.0.0
Target DLL:      STLink\ST-LINKIII-KEIL_SWO.dll V3.0.1.0
Dialog DLL:      TCM.DLL V1.32.0.0
 
<h2>Project:</h2>
F:\Air_sens_board\MDK-ARM\Air_sens_board.uvprojx
Project File Date:  03/02/2022

<h2>Output:</h2>
*** Using Compiler 'V5.06 update 5 (build 528)', folder: 'C:\Keil_v5\ARM\ARMCC\Bin'
Build target 'Air_sens_board'
compiling main.c...
..\Core\Src\main.c(113): warning:  #223-D: function "init_ledStatus" declared implicitly
  	init_ledStatus();
..\Core\Src\main.c(114): warning:  #223-D: function "init_ROS" declared implicitly
  	init_ROS();
..\Core\Src\main.c(128): warning:  #223-D: function "airSens_handler" declared implicitly
  		airSens_handler();
..\Core\Src\main.c(129): warning:  #223-D: function "ledStatus_handler" declared implicitly
  	  ledStatus_handler();
..\Core\Src\main.c(131): warning:  #223-D: function "spinOnce" declared implicitly
  	  spinOnce();
..\Core\Src\main.c: 5 warnings, 0 errors
linking...
Program Size: Code=21364 RO-data=944 RW-data=416 ZI-data=5856  
FromELF: creating hex file...
"Air_sens_board\Air_sens_board.axf" - 0 Error(s), 5 Warning(s).

<h2>Software Packages used:</h2>

Package Vendor: ARM
                http://www.keil.com/pack/ARM.CMSIS.5.8.0.pack
                ARM.CMSIS.5.8.0
                CMSIS (Common Microcontroller Software Interface Standard)
   * Component: CORE Version: 5.5.0

Package Vendor: Keil
                http://www.keil.com/pack/Keil.STM32F1xx_DFP.2.3.0.pack
                Keil.STM32F1xx_DFP.2.3.0
                STMicroelectronics STM32F1 Series Device Support, Drivers and Examples

<h2>Collection of Component include folders:</h2>
  .\RTE\_Air_sens_board
  C:\Keil_v5\ARM\PACK\ARM\CMSIS\5.8.0\CMSIS\Core\Include
  C:\Keil_v5\ARM\PACK\Keil\STM32F1xx_DFP\2.3.0\Device\Include

<h2>Collection of Component Files used:</h2>

   * Component: ARM::CMSIS:CORE:5.5.0
      Include file:  CMSIS\Core\Include\tz_context.h
Build Time Elapsed:  00:00:01
</pre>
</body>
</html>
