Component: ARM Compiler 5.06 update 5 (build 528) Tool: armlink [4d35e2]

==============================================================================

Section Cross References

    startup_stm32f103xb.o(STACK) refers (Special) to heapauxi.o(.text) for __use_two_region_memory
    startup_stm32f103xb.o(HEAP) refers (Special) to heapauxi.o(.text) for __use_two_region_memory
    startup_stm32f103xb.o(RESET) refers (Special) to heapauxi.o(.text) for __use_two_region_memory
    startup_stm32f103xb.o(RESET) refers to startup_stm32f103xb.o(STACK) for __initial_sp
    startup_stm32f103xb.o(RESET) refers to startup_stm32f103xb.o(.text) for Reset_Handler
    startup_stm32f103xb.o(RESET) refers to stm32f1xx_it.o(i.NMI_Handler) for NMI_Handler
    startup_stm32f103xb.o(RESET) refers to stm32f1xx_it.o(i.HardFault_Handler) for HardFault_Handler
    startup_stm32f103xb.o(RESET) refers to stm32f1xx_it.o(i.MemManage_Handler) for MemManage_Handler
    startup_stm32f103xb.o(RESET) refers to stm32f1xx_it.o(i.BusFault_Handler) for BusFault_Handler
    startup_stm32f103xb.o(RESET) refers to stm32f1xx_it.o(i.UsageFault_Handler) for UsageFault_Handler
    startup_stm32f103xb.o(RESET) refers to stm32f1xx_it.o(i.SVC_Handler) for SVC_Handler
    startup_stm32f103xb.o(RESET) refers to stm32f1xx_it.o(i.DebugMon_Handler) for DebugMon_Handler
    startup_stm32f103xb.o(RESET) refers to stm32f1xx_it.o(i.PendSV_Handler) for PendSV_Handler
    startup_stm32f103xb.o(RESET) refers to stm32f1xx_it.o(i.SysTick_Handler) for SysTick_Handler
    startup_stm32f103xb.o(RESET) refers to stm32f1xx_it.o(i.USB_LP_CAN1_RX0_IRQHandler) for USB_LP_CAN1_RX0_IRQHandler
    startup_stm32f103xb.o(.text) refers (Special) to heapauxi.o(.text) for __use_two_region_memory
    startup_stm32f103xb.o(.text) refers to system_stm32f1xx.o(i.SystemInit) for SystemInit
    startup_stm32f103xb.o(.text) refers to __main.o(!!!main) for __main
    startup_stm32f103xb.o(.text) refers to startup_stm32f103xb.o(HEAP) for Heap_Mem
    startup_stm32f103xb.o(.text) refers to startup_stm32f103xb.o(STACK) for Stack_Mem
    hdc1080.o(i.hdc1080_init) refers to stm32f1xx_hal_i2c.o(i.HAL_I2C_Mem_Write) for HAL_I2C_Mem_Write
    hdc1080.o(i.hdc1080_start_measurement) refers to stm32f1xx_hal_i2c.o(i.HAL_I2C_Master_Transmit) for HAL_I2C_Master_Transmit
    hdc1080.o(i.hdc1080_start_measurement) refers to stm32f1xx_hal.o(i.HAL_Delay) for HAL_Delay
    hdc1080.o(i.hdc1080_start_measurement) refers to stm32f1xx_hal_i2c.o(i.HAL_I2C_Master_Receive) for HAL_I2C_Master_Receive
    hdc1080.o(i.hdc1080_start_measurement) refers to dflt_clz.o(x$fpl$dfltu) for __aeabi_ui2d
    hdc1080.o(i.hdc1080_start_measurement) refers to scalbn.o(x$fpl$scalbn) for __ARM_scalbn
    hdc1080.o(i.hdc1080_start_measurement) refers to dmul.o(x$fpl$dmul) for __aeabi_dmul
    hdc1080.o(i.hdc1080_start_measurement) refers to daddsub_clz.o(x$fpl$dsub) for __aeabi_dsub
    hdc1080.o(i.hdc1080_start_measurement) refers to d2f.o(x$fpl$d2f) for __aeabi_d2f
    hdc1080.o(i.hdc1080_start_measurement) refers to dfixu.o(x$fpl$dfixu) for __aeabi_d2uiz
    ccs811.o(i.CCS811_ReadAlgorithmData) refers to stm32f1xx_hal_i2c.o(i.HAL_I2C_Mem_Read) for HAL_I2C_Mem_Read
    ccs811.o(i.CCS811_init) refers to stm32f1xx_hal_i2c.o(i.HAL_I2C_IsDeviceReady) for HAL_I2C_IsDeviceReady
    ccs811.o(i.CCS811_init) refers to stm32f1xx_hal_gpio.o(i.HAL_GPIO_WritePin) for HAL_GPIO_WritePin
    ccs811.o(i.CCS811_init) refers to stm32f1xx_hal_i2c.o(i.HAL_I2C_Mem_Read) for HAL_I2C_Mem_Read
    ccs811.o(i.CCS811_init) refers to stm32f1xx_hal_i2c.o(i.HAL_I2C_Master_Transmit) for HAL_I2C_Master_Transmit
    ccs811.o(i.CCS811_init) refers to stm32f1xx_hal_i2c.o(i.HAL_I2C_Mem_Write) for HAL_I2C_Mem_Write
    ccs811.o(i.CCS811_init) refers to i2c.o(.bss) for hi2c1
    gpio.o(i.MX_GPIO_Init) refers to stm32f1xx_hal_gpio.o(i.HAL_GPIO_WritePin) for HAL_GPIO_WritePin
    gpio.o(i.MX_GPIO_Init) refers to stm32f1xx_hal_gpio.o(i.HAL_GPIO_Init) for HAL_GPIO_Init
    adc.o(i.HAL_ADC_MspDeInit) refers to stm32f1xx_hal_gpio.o(i.HAL_GPIO_DeInit) for HAL_GPIO_DeInit
    adc.o(i.HAL_ADC_MspInit) refers to stm32f1xx_hal_gpio.o(i.HAL_GPIO_Init) for HAL_GPIO_Init
    adc.o(i.MX_ADC1_Init) refers to stm32f1xx_hal_adc.o(i.HAL_ADC_Init) for HAL_ADC_Init
    adc.o(i.MX_ADC1_Init) refers to main.o(i.Error_Handler) for Error_Handler
    adc.o(i.MX_ADC1_Init) refers to stm32f1xx_hal_adc.o(i.HAL_ADC_ConfigChannel) for HAL_ADC_ConfigChannel
    adc.o(i.MX_ADC1_Init) refers to adc.o(.bss) for .bss
    i2c.o(i.HAL_I2C_MspDeInit) refers to stm32f1xx_hal_gpio.o(i.HAL_GPIO_DeInit) for HAL_GPIO_DeInit
    i2c.o(i.HAL_I2C_MspInit) refers to stm32f1xx_hal_gpio.o(i.HAL_GPIO_Init) for HAL_GPIO_Init
    i2c.o(i.MX_I2C1_Init) refers to stm32f1xx_hal_i2c.o(i.HAL_I2C_Init) for HAL_I2C_Init
    i2c.o(i.MX_I2C1_Init) refers to main.o(i.Error_Handler) for Error_Handler
    i2c.o(i.MX_I2C1_Init) refers to i2c.o(.bss) for .bss
[...]
    __ARM::default_unexpected_handler()       - Undefined Weak Reference
    typeinfo for ros::Subscriber_             - Undefined Weak Reference
    __ARM_exceptions_buffer_required          - Undefined Weak Reference
    __ARM_exceptions_init                     - Undefined Weak Reference
    __alloca_initialize                       - Undefined Weak Reference
    __arm_preinit_                            - Undefined Weak Reference
    __cxa_finalize                            - Undefined Weak Reference
    __rt_locale                               - Undefined Weak Reference
    __sigvec_lookup                           - Undefined Weak Reference
    __user_heap_extent                        - Undefined Weak Reference
    _atexit_init                              - Undefined Weak Reference
    _call_atexit_fns                          - Undefined Weak Reference
    _clock_init                               - Undefined Weak Reference
    _fp_trap_init                             - Undefined Weak Reference
    _fp_trap_shutdown                         - Undefined Weak Reference
    _get_lc_collate                           - Undefined Weak Reference
    _get_lc_ctype                             - Undefined Weak Reference
    _get_lc_monetary                          - Undefined Weak Reference
    _get_lc_numeric                           - Undefined Weak Reference
    _get_lc_time                              - Undefined Weak Reference
    _getenv_init                              - Undefined Weak Reference
    _handle_redirection                       - Undefined Weak Reference
    _initio                                   - Undefined Weak Reference
    _mutex_acquire                            - Undefined Weak Reference
    _mutex_free                               - Undefined Weak Reference
    _mutex_release                            - Undefined Weak Reference
    _rand_init                                - Undefined Weak Reference
    _signal_finish                            - Undefined Weak Reference
    _signal_init                              - Undefined Weak Reference
    _terminateio                              - Undefined Weak Reference
    __Vectors_Size                           0x000000ec   Number         0  startup_stm32f103xb.o ABSOLUTE
    __Vectors                                0x08000000   Data           4  startup_stm32f103xb.o(RESET)
    __Vectors_End                            0x080000ec   Data           0  startup_stm32f103xb.o(RESET)
    __main                                   0x080000ed   Thumb Code     8  __main.o(!!!main)
    __scatterload                            0x080000f5   Thumb Code     0  __scatter.o(!!!scatter)
    __scatterload_rt2                        0x080000f5   Thumb Code    44  __scatter.o(!!!scatter)
    __scatterload_rt2_thumb_only             0x080000f5   Thumb Code     0  __scatter.o(!!!scatter)
    __scatterload_null                       0x08000103   Thumb Code     0  __scatter.o(!!!scatter)
    __decompress                             0x08000129   Thumb Code    90  __dczerorl2.o(!!dczerorl2)
    __decompress1                            0x08000129   Thumb Code     0  __dczerorl2.o(!!dczerorl2)
    __scatterload_zeroinit                   0x08000185   Thumb Code    28  __scatter_zi.o(!!handler_zi)
    __rt_lib_init                            0x080001a1   Thumb Code     0  libinit.o(.ARM.Collect$$libinit$$00000000)
    __rt_lib_init_fp_1                       0x080001a3   Thumb Code     0  libinit2.o(.ARM.Collect$$libinit$$00000002)
    __rt_lib_init_heap_2                     0x080001a3   Thumb Code     0  libinit2.o(.ARM.Collect$$libinit$$00000005)
    __rt_lib_init_preinit_1                  0x080001a3   Thumb Code     0  libinit2.o(.ARM.Collect$$libinit$$00000004)
    __rt_lib_init_alloca_1                   0x080001ab   Thumb Code     0  libinit2.o(.ARM.Collect$$libinit$$0000002E)
    __rt_lib_init_argv_1                     0x080001ab   Thumb Code     0  libinit2.o(.ARM.Collect$$libinit$$0000002C)
    __rt_lib_init_atexit_1                   0x080001ab   Thumb Code     0  libinit2.o(.ARM.Collect$$libinit$$0000001B)
    __rt_lib_init_clock_1                    0x080001ab   Thumb Code     0  libinit2.o(.ARM.Collect$$libinit$$00000021)
    __rt_lib_init_cpp_2                      0x080001ab   Thumb Code     0  libinit2.o(.ARM.Collect$$libinit$$00000031)
    __rt_lib_init_exceptions_1               0x080001ab   Thumb Code     0  libinit2.o(.ARM.Collect$$libinit$$00000030)
    __rt_lib_init_fp_trap_1                  0x080001ab   Thumb Code     0  libinit2.o(.ARM.Collect$$libinit$$0000001F)
    __rt_lib_init_getenv_1                   0x080001ab   Thumb Code     0  libinit2.o(.ARM.Collect$$libinit$$00000023)
    __rt_lib_init_heap_1                     0x080001ab   Thumb Code     0  libinit2.o(.ARM.Collect$$libinit$$0000000A)
    __rt_lib_init_lc_collate_1               0x080001ab   Thumb Code     0  libinit2.o(.ARM.Collect$$libinit$$00000011)
    __rt_lib_init_lc_ctype_1                 0x080001ab   Thumb Code     0  libinit2.o(.ARM.Collect$$libinit$$00000013)
    __rt_lib_init_lc_monetary_1              0x080001ab   Thumb Code     0  libinit2.o(.ARM.Collect$$libinit$$00000015)
    __rt_lib_init_lc_numeric_1               0x080001ab   Thumb Code     0  libinit2.o(.ARM.Collect$$libinit$$00000017)
    __rt_lib_init_lc_time_1                  0x080001ab   Thumb Code     0  libinit2.o(.ARM.Collect$$libinit$$00000019)
    __rt_lib_init_rand_1                     0x080001ab   Thumb Code     0  libinit2.o(.ARM.Collect$$libinit$$0000000E)
    __rt_lib_init_signal_1                   0x080001ab   Thumb Code     0  libinit2.o(.ARM.Collect$$libinit$$0000001D)
    __rt_lib_init_stdio_1                    0x080001ab   Thumb Code     0  libinit2.o(.ARM.Collect$$libinit$$00000025)
    __rt_lib_init_user_alloc_1               0x080001ab   Thumb Code     0  libinit2.o(.ARM.Collect$$libinit$$0000000C)
    __rt_lib_init_cpp_1                      0x080001af   Thumb Code     0  libinit2.o(.ARM.Collect$$libinit$$00000032)
    __rt_lib_init_return                     0x080001af   Thumb Code     0  libinit2.o(.ARM.Collect$$libinit$$00000033)
    __rt_lib_shutdown                        0x080001b1   Thumb Code     0  libshutdown.o(.ARM.Collect$$libshutdown$$00000000)
    __rt_lib_shutdown_cpp_1                  0x080001b3   Thumb Code     0  libshutdown2.o(.ARM.Collect$$libshutdown$$00000002)
    __rt_lib_shutdown_fp_trap_1              0x080001b3   Thumb Code     0  libshutdown2.o(.ARM.Collect$$libshutdown$$00000007)
    __rt_lib_shutdown_heap_1                 0x080001b3   Thumb Code     0  libshutdown2.o(.ARM.Collect$$libshutdown$$0000000F)
    __rt_lib_shutdown_return                 0x080001b3   Thumb Code     0  libshutdown2.o(.ARM.Collect$$libshutdown$$00000010)
    __rt_lib_shutdown_signal_1               0x080001b3   Thumb Code     0  libshutdown2.o(.ARM.Collect$$libshutdown$$0000000A)
    __rt_lib_shutdown_stdio_1                0x080001b3   Thumb Code     0  libshutdown2.o(.ARM.Collect$$libshutdown$$00000004)
    __rt_lib_shutdown_user_alloc_1           0x080001b3   Thumb Code     0  libshutdown2.o(.ARM.Collect$$libshutdown$$0000000C)
    __rt_entry                               0x080001b5   Thumb Code     0  __rtentry.o(.ARM.Collect$$rtentry$$00000000)
    __rt_entry_presh_1                       0x080001b5   Thumb Code     0  __rtentry2.o(.ARM.Collect$$rtentry$$00000002)
    __rt_entry_sh                            0x080001b5   Thumb Code     0  __rtentry4.o(.ARM.Collect$$rtentry$$00000004)
    __rt_entry_li                            0x080001bb   Thumb Code     0  __rtentry2.o(.ARM.Collect$$rtentry$$0000000A)
    __rt_entry_postsh_1                      0x080001bb   Thumb Code     0  __rtentry2.o(.ARM.Collect$$rtentry$$00000009)
    __rt_entry_main                          0x080001bf   Thumb Code     0  __rtentry2.o(.ARM.Collect$$rtentry$$0000000D)
    __rt_entry_postli_1                      0x080001bf   Thumb Code     0  __rtentry2.o(.ARM.Collect$$rtentry$$0000000C)
    __rt_exit                                0x080001c7   Thumb Code     0  rtexit.o(.ARM.Collect$$rtexit$$00000000)
    __rt_exit_ls                             0x080001c9   Thumb Code     0  rtexit2.o(.ARM.Collect$$rtexit$$00000003)
    __rt_exit_prels_1                        0x080001c9   Thumb Code     0  rtexit2.o(.ARM.Collect$$rtexit$$00000002)
    __rt_exit_exit                           0x080001cd   Thumb Code     0  rtexit2.o(.ARM.Collect$$rtexit$$00000004)
    Reset_Handler                            0x080001d5   Thumb Code     8  startup_stm32f103xb.o(.text)
    _maybe_terminate_alloc                   0x080001d5   Thumb Code     0  maybetermalloc1.o(.emb_text)
    ADC1_2_IRQHandler                        0x080001ef   Thumb Code     0  startup_stm32f103xb.o(.text)
    CAN1_RX1_IRQHandler                      0x080001ef   Thumb Code     0  startup_stm32f103xb.o(.text)
    CAN1_SCE_IRQHandler                      0x080001ef   Thumb Code     0  startup_stm32f103xb.o(.text)
    DMA1_Channel1_IRQHandler                 0x080001ef   Thumb Code     0  startup_stm32f103xb.o(.text)
    DMA1_Channel2_IRQHandler                 0x080001ef   Thumb Code     0  startup_stm32f103xb.o(.text)
    DMA1_Channel3_IRQHandler                 0x080001ef   Thumb Code     0  startup_stm32f103xb.o(.text)
    DMA1_Channel4_IRQHandler                 0x080001ef   Thumb Code     0  startup_stm32f103xb.o(.text)
    DMA1_Channel5_IRQHandler                 0x080001ef   Thumb Code     0  startup_stm32f103xb.o(.text)
    DMA1_Channel6_IRQHandler                 0x080001ef   Thumb Code     0  startup_stm32f103xb.o(.text)
    DMA1_Channel7_IRQHandler                 0x080001ef   Thumb Code     0  startup_stm32f103xb.o(.text)
    EXTI0_IRQHandler                         0x080001ef   Thumb Code     0  startup_stm32f103xb.o(.text)
    EXTI15_10_IRQHandler                     0x080001ef   Thumb Code     0  startup_stm32f103xb.o(.text)
    EXTI1_IRQHandler                         0x080001ef   Thumb Code     0  startup_stm32f103xb.o(.text)
    EXTI2_IRQHandler                         0x080001ef   Thumb Code     0  startup_stm32f103xb.o(.text)
    EXTI3_IRQHandler                         0x080001ef   Thumb Code     0  startup_stm32f103xb.o(.text)
    EXTI4_IRQHandler                         0x080001ef   Thumb Code     0  startup_stm32f103xb.o(.text)
    EXTI9_5_IRQHandler                       0x080001ef   Thumb Code     0  startup_stm32f103xb.o(.text)
    FLASH_IRQHandler                         0x080001ef   Thumb Code     0  startup_stm32f103xb.o(.text)
    I2C1_ER_IRQHandler                       0x080001ef   Thumb Code     0  startup_stm32f103xb.o(.text)
    I2C1_EV_IRQHandler                       0x080001ef   Thumb Code     0  startup_stm32f103xb.o(.text)
    I2C2_ER_IRQHandler                       0x080001ef   Thumb Code     0  startup_stm32f103xb.o(.text)
    I2C2_EV_IRQHandler                       0x080001ef   Thumb Code     0  startup_stm32f103xb.o(.text)
    PVD_IRQHandler                           0x080001ef   Thumb Code     0  startup_stm32f103xb.o(.text)
    RCC_IRQHandler                           0x080001ef   Thumb Code     0  startup_stm32f103xb.o(.text)
    RTC_Alarm_IRQHandler                     0x080001ef   Thumb Code     0  startup_stm32f103xb.o(.text)
    RTC_IRQHandler                           0x080001ef   Thumb Code     0  startup_stm32f103xb.o(.text)
    SPI1_IRQHandler                          0x080001ef   Thumb Code     0  startup_stm32f103xb.o(.text)
    SPI2_IRQHandler                          0x080001ef   Thumb Code     0  startup_stm32f103xb.o(.text)
    TAMPER_IRQHandler                        0x080001ef   Thumb Code     0  startup_stm32f103xb.o(.text)
    TIM1_BRK_IRQHandler                      0x080001ef   Thumb Code     0  startup_stm32f103xb.o(.text)
    TIM1_CC_IRQHandler                       0x080001ef   Thumb Code     0  startup_stm32f103xb.o(.text)
    TIM1_TRG_COM_IRQHandler                  0x080001ef   Thumb Code     0  startup_stm32f103xb.o(.text)
    TIM1_UP_IRQHandler                       0x080001ef   Thumb Code     0  startup_stm32f103xb.o(.text)
    TIM2_IRQHandler                          0x080001ef   Thumb Code     0  startup_stm32f103xb.o(.text)
    TIM3_IRQHandler                          0x080001ef   Thumb Code     0  startup_stm32f103xb.o(.text)
    TIM4_IRQHandler                          0x080001ef   Thumb Code     0  startup_stm32f103xb.o(.text)
    USART1_IRQHandler                        0x080001ef   Thumb Code     0  startup_stm32f103xb.o(.text)
    USART2_IRQHandler                        0x080001ef   Thumb Code     0  startup_stm32f103xb.o(.text)
    USART3_IRQHandler                        0x080001ef   Thumb Code     0  startup_stm32f103xb.o(.text)
    USBWakeUp_IRQHandler                     0x080001ef   Thumb Code     0  startup_stm32f103xb.o(.text)
    USB_HP_CAN1_TX_IRQHandler                0x080001ef   Thumb Code     0  startup_stm32f103xb.o(.text)
    WWDG_IRQHandler                          0x080001ef   Thumb Code     0  startup_stm32f103xb.o(.text)
    __user_initial_stackheap                 0x080001f1   Thumb Code     0  startup_stm32f103xb.o(.text)
    realloc                                  0x08000215   Thumb Code   184  h1_realloc.o(.text)
    strlen                                   0x080002cd   Thumb Code    62  strlen.o(.text)
    __aeabi_memcpy                           0x0800030b   Thumb Code     0  rt_memcpy_v6.o(.text)
    __rt_memcpy                              0x0800030b   Thumb Code   138  rt_memcpy_v6.o(.text)
    _memcpy_lastbytes                        0x08000371   Thumb Code     0  rt_memcpy_v6.o(.text)
    __aeabi_memcpy4                          0x08000395   Thumb Code     0  rt_memcpy_w.o(.text)
    __aeabi_memcpy8                          0x08000395   Thumb Code     0  rt_memcpy_w.o(.text)
    __rt_memcpy_w                            0x08000395   Thumb Code   100  rt_memcpy_w.o(.text)
    _memcpy_lastbytes_aligned                0x080003dd   Thumb Code     0  rt_memcpy_w.o(.text)
    __aeabi_memclr4                          0x080003f9   Thumb Code     0  rt_memclr_w.o(.text)
    __aeabi_memclr8                          0x080003f9   Thumb Code     0  rt_memclr_w.o(.text)
    __rt_memclr_w                            0x080003f9   Thumb Code    78  rt_memclr_w.o(.text)
    _memset_w                                0x080003fd   Thumb Code     0  rt_memclr_w.o(.text)
    __use_two_region_memory                  0x08000447   Thumb Code     2  heapauxi.o(.text)
    __rt_heap_escrow                         0x08000449   Thumb Code     2  heapauxi.o(.text)
    __rt_heap_expand                         0x0800044b   Thumb Code     2  heapauxi.o(.text)
    __cpp_initialize__aeabi_                 0x0800044d   Thumb Code    26  init_aeabi.o(.text)
    __rt_heap_descriptor                     0x08000471   Thumb Code     8  rt_heap_descriptor_intlibspace.o(.text)
    __use_no_heap                            0x08000479   Thumb Code     2  hguard.o(.text)
    __heap$guard                             0x0800047b   Thumb Code     2  hguard.o(.text)
    _terminate_user_alloc                    0x0800047d   Thumb Code     2  init_alloc.o(.text)
    _init_user_alloc                         0x0800047f   Thumb Code     2  init_alloc.o(.text)
    __Heap_Full                              0x08000481   Thumb Code    34  init_alloc.o(.text)
    __Heap_Broken                            0x080004a3   Thumb Code     6  init_alloc.o(.text)
    _init_alloc                              0x080004a9   Thumb Code    94  init_alloc.o(.text)
    malloc                                   0x08000507   Thumb Code    94  h1_alloc.o(.text)
    free                                     0x08000565   Thumb Code    78  h1_free.o(.text)
    __user_libspace                          0x080005b5   Thumb Code     8  libspace.o(.text)
    __user_perproc_libspace                  0x080005b5   Thumb Code     0  libspace.o(.text)
    __user_perthread_libspace                0x080005b5   Thumb Code     0  libspace.o(.text)
    __Heap_Initialize                        0x080005bd   Thumb Code    10  h1_init.o(.text)
    __Heap_DescSize                          0x080005c7   Thumb Code     4  h1_init.o(.text)
    __Heap_ProvideMemory                     0x080005cb   Thumb Code    52  h1_extend.o(.text)
    __rt_SIGRTMEM                            0x080005ff   Thumb Code    14  defsig_rtmem_outer.o(.text)
    __user_setup_stackheap                   0x0800060d   Thumb Code    74  sys_stackheap_outer.o(.text)
    exit                                     0x08000657   Thumb Code    18  exit.o(.text)
    __sig_exit                               0x08000669   Thumb Code    10  defsig_exit.o(.text)
    __rt_SIGRTMEM_inner                      0x08000675   Thumb Code    22  defsig_rtmem_inner.o(.text)
    _sys_exit                                0x080006c5   Thumb Code     8  sys_exit.o(.text)
    __I$use$semihosting                      0x080006d1   Thumb Code     0  use_no_semi.o(.text)
    __use_no_semihosting_swi                 0x080006d1   Thumb Code     2  use_no_semi.o(.text)
    __default_signal_display                 0x080006d3   Thumb Code    50  defsig_general.o(.text)
    __semihosting_library_function           0x080006d3   Thumb Code     0  indicate_semi.o(.text)
    _ttywrch                                 0x08000705   Thumb Code    14  sys_wrch.o(.text)
    ADC_ConversionStop_Disable               0x08000715   Thumb Code    86  stm32f1xx_hal_adc.o(i.ADC_ConversionStop_Disable)
    BusFault_Handler                         0x0800076b   Thumb Code     2  stm32f1xx_it.o(i.BusFault_Handler)
    CCS811_init                              0x0800076d   Thumb Code   142  ccs811.o(i.CCS811_init)
    CDC_Transmit_FS                          0x08000895   Thumb Code    38  usbd_cdc_if.o(i.CDC_Transmit_FS)
    DebugMon_Handler                         0x080008c1   Thumb Code     2  stm32f1xx_it.o(i.DebugMon_Handler)
    Error_Handler                            0x080008c3   Thumb Code     4  main.o(i.Error_Handler)
    HAL_ADC_ConfigChannel                    0x080008c9   Thumb Code   240  stm32f1xx_hal_adc.o(i.HAL_ADC_ConfigChannel)
    HAL_ADC_Init                             0x080009c5   Thumb Code   272  stm32f1xx_hal_adc.o(i.HAL_ADC_Init)
    HAL_ADC_MspInit                          0x08000ae1   Thumb Code    76  adc.o(i.HAL_ADC_MspInit)
    HAL_Delay                                0x08000b39   Thumb Code    32  stm32f1xx_hal.o(i.HAL_Delay)
    HAL_GPIO_Init                            0x08000b5d   Thumb Code   446  stm32f1xx_hal_gpio.o(i.HAL_GPIO_Init)
    HAL_GPIO_TogglePin                       0x08000d3d   Thumb Code    16  stm32f1xx_hal_gpio.o(i.HAL_GPIO_TogglePin)
    HAL_GPIO_WritePin                        0x08000d4d   Thumb Code    10  stm32f1xx_hal_gpio.o(i.HAL_GPIO_WritePin)
    HAL_GetTick                              0x08000d59   Thumb Code     6  stm32f1xx_hal.o(i.HAL_GetTick)
    HAL_I2C_Init                             0x08000d65   Thumb Code   376  stm32f1xx_hal_i2c.o(i.HAL_I2C_Init)
    HAL_I2C_IsDeviceReady                    0x08000eed   Thumb Code   354  stm32f1xx_hal_i2c.o(i.HAL_I2C_IsDeviceReady)
    HAL_I2C_Master_Transmit                  0x08001059   Thumb Code   290  stm32f1xx_hal_i2c.o(i.HAL_I2C_Master_Transmit)
    HAL_I2C_Mem_Read                         0x08001185   Thumb Code   574  stm32f1xx_hal_i2c.o(i.HAL_I2C_Mem_Read)
    HAL_I2C_Mem_Write                        0x080013d5   Thumb Code   294  stm32f1xx_hal_i2c.o(i.HAL_I2C_Mem_Write)
    HAL_I2C_MspInit                          0x08001505   Thumb Code    96  i2c.o(i.HAL_I2C_MspInit)
    HAL_IncTick                              0x08001575   Thumb Code    12  stm32f1xx_hal.o(i.HAL_IncTick)
    HAL_Init                                 0x08001585   Thumb Code    32  stm32f1xx_hal.o(i.HAL_Init)
    HAL_InitTick                             0x080015a9   Thumb Code    54  stm32f1xx_hal.o(i.HAL_InitTick)
    HAL_MspInit                              0x080015e9   Thumb Code    52  stm32f1xx_hal_msp.o(i.HAL_MspInit)
    HAL_NVIC_EnableIRQ                       0x08001625   Thumb Code    26  stm32f1xx_hal_cortex.o(i.HAL_NVIC_EnableIRQ)
    HAL_NVIC_SetPriority                     0x08001641   Thumb Code    60  stm32f1xx_hal_cortex.o(i.HAL_NVIC_SetPriority)
    HAL_NVIC_SetPriorityGrouping             0x08001681   Thumb Code    26  stm32f1xx_hal_cortex.o(i.HAL_NVIC_SetPriorityGrouping)
    HAL_PCDEx_PMAConfig                      0x080016a5   Thumb Code    60  stm32f1xx_hal_pcd_ex.o(i.HAL_PCDEx_PMAConfig)
    HAL_PCDEx_SetConnectionState             0x080016e1   Thumb Code     2  usbd_conf.o(i.HAL_PCDEx_SetConnectionState)
    HAL_PCD_DataInStageCallback              0x080016e3   Thumb Code    18  usbd_conf.o(i.HAL_PCD_DataInStageCallback)
    HAL_PCD_DataOutStageCallback             0x080016f5   Thumb Code    20  usbd_conf.o(i.HAL_PCD_DataOutStageCallback)
    HAL_PCD_EP_Close                         0x08001709   Thumb Code    76  stm32f1xx_hal_pcd.o(i.HAL_PCD_EP_Close)
    HAL_PCD_EP_ClrStall                      0x08001755   Thumb Code    92  stm32f1xx_hal_pcd.o(i.HAL_PCD_EP_ClrStall)
    HAL_PCD_EP_GetRxCount                    0x08001bc7   Thumb Code    18  stm32f1xx_hal_pcd.o(i.HAL_PCD_EP_GetRxCount)
    HAL_PCD_EP_Open                          0x08001bd9   Thumb Code    96  stm32f1xx_hal_pcd.o(i.HAL_PCD_EP_Open)
    HAL_PCD_EP_Receive                       0x08001c39   Thumb Code    50  stm32f1xx_hal_pcd.o(i.HAL_PCD_EP_Receive)
    HAL_PCD_EP_SetStall                      0x08001c6b   Thumb Code   114  stm32f1xx_hal_pcd.o(i.HAL_PCD_EP_SetStall)
    HAL_PCD_EP_Transmit                      0x08001cdd   Thumb Code    52  stm32f1xx_hal_pcd.o(i.HAL_PCD_EP_Transmit)
    HAL_PCD_IRQHandler                       0x08001d11   Thumb Code   340  stm32f1xx_hal_pcd.o(i.HAL_PCD_IRQHandler)
    HAL_PCD_Init                             0x08001e65   Thumb Code   218  stm32f1xx_hal_pcd.o(i.HAL_PCD_Init)
    HAL_PCD_MspInit                          0x08001f41   Thumb Code    50  usbd_conf.o(i.HAL_PCD_MspInit)
    HAL_PCD_ResetCallback                    0x08001f7d   Thumb Code    38  usbd_conf.o(i.HAL_PCD_ResetCallback)
    HAL_PCD_ResumeCallback                   0x08001fa3   Thumb Code     8  usbd_conf.o(i.HAL_PCD_ResumeCallback)
    HAL_PCD_SOFCallback                      0x08001fab   Thumb Code     8  usbd_conf.o(i.HAL_PCD_SOFCallback)
    HAL_PCD_SetAddress                       0x08001fb3   Thumb Code    40  stm32f1xx_hal_pcd.o(i.HAL_PCD_SetAddress)
    HAL_PCD_SetupStageCallback               0x08001fdb   Thumb Code    14  usbd_conf.o(i.HAL_PCD_SetupStageCallback)
    HAL_PCD_Start                            0x08001fe9   Thumb Code    50  stm32f1xx_hal_pcd.o(i.HAL_PCD_Start)
    HAL_PCD_SuspendCallback                  0x0800201d   Thumb Code    30  usbd_conf.o(i.HAL_PCD_SuspendCallback)
    HAL_RCCEx_PeriphCLKConfig                0x08002041   Thumb Code   224  stm32f1xx_hal_rcc_ex.o(i.HAL_RCCEx_PeriphCLKConfig)
    HAL_RCC_ClockConfig                      0x0800212d   Thumb Code   280  stm32f1xx_hal_rcc.o(i.HAL_RCC_ClockConfig)
    HAL_RCC_GetPCLK1Freq                     0x08002259   Thumb Code    20  stm32f1xx_hal_rcc.o(i.HAL_RCC_GetPCLK1Freq)
    HAL_RCC_GetSysClockFreq                  0x08002279   Thumb Code    74  stm32f1xx_hal_rcc.o(i.HAL_RCC_GetSysClockFreq)
    HAL_RCC_OscConfig                        0x080022e5   Thumb Code   778  stm32f1xx_hal_rcc.o(i.HAL_RCC_OscConfig)
    HAL_SYSTICK_Config                       0x08002605   Thumb Code    40  stm32f1xx_hal_cortex.o(i.HAL_SYSTICK_Config)
    HardFault_Handler                        0x0800262d   Thumb Code     2  stm32f1xx_it.o(i.HardFault_Handler)
    MX_ADC1_Init                             0x08002ad1   Thumb Code    68  adc.o(i.MX_ADC1_Init)
    MX_GPIO_Init                             0x08002b1d   Thumb Code   120  gpio.o(i.MX_GPIO_Init)
    MX_I2C1_Init                             0x08002b9d   Thumb Code    50  i2c.o(i.MX_I2C1_Init)
    MX_USB_DEVICE_Init                       0x08002bdd   Thumb Code    66  usb_device.o(i.MX_USB_DEVICE_Init)
    MemManage_Handler                        0x08002c31   Thumb Code     2  stm32f1xx_it.o(i.MemManage_Handler)
    NMI_Handler                              0x08002c33   Thumb Code     2  stm32f1xx_it.o(i.NMI_Handler)
    PendSV_Handler                           0x08002f49   Thumb Code     2  stm32f1xx_it.o(i.PendSV_Handler)
    SVC_Handler                              0x08002f4b   Thumb Code     2  stm32f1xx_it.o(i.SVC_Handler)
    SysTick_Handler                          0x08002f4d   Thumb Code     4  stm32f1xx_it.o(i.SysTick_Handler)
    SystemClock_Config                       0x08002f51   Thumb Code   124  main.o(i.SystemClock_Config)
    SystemInit                               0x08002fcd   Thumb Code     2  system_stm32f1xx.o(i.SystemInit)
    USBD_CDC_GetDeviceQualifierDescriptor    0x080030ad   Thumb Code     8  usbd_cdc.o(i.USBD_CDC_GetDeviceQualifierDescriptor)
    USBD_CDC_ReceivePacket                   0x08003171   Thumb Code    40  usbd_cdc.o(i.USBD_CDC_ReceivePacket)
    USBD_CDC_RegisterInterface               0x08003199   Thumb Code    16  usbd_cdc.o(i.USBD_CDC_RegisterInterface)
    USBD_CDC_SetRxBuffer                     0x080031a9   Thumb Code    12  usbd_cdc.o(i.USBD_CDC_SetRxBuffer)
    USBD_CDC_SetTxBuffer                     0x080031b5   Thumb Code    16  usbd_cdc.o(i.USBD_CDC_SetTxBuffer)
    USBD_CDC_TransmitPacket                  0x08003271   Thumb Code    54  usbd_cdc.o(i.USBD_CDC_TransmitPacket)
    USBD_ClrClassConfig                      0x080032a7   Thumb Code    14  usbd_core.o(i.USBD_ClrClassConfig)
    USBD_CtlContinueRx                       0x080032b5   Thumb Code    16  usbd_ioreq.o(i.USBD_CtlContinueRx)
    USBD_CtlContinueSendData                 0x080032c5   Thumb Code    16  usbd_ioreq.o(i.USBD_CtlContinueSendData)
    USBD_CtlError                            0x080032d5   Thumb Code    22  usbd_ctlreq.o(i.USBD_CtlError)
    USBD_CtlPrepareRx                        0x080032eb   Thumb Code    30  usbd_ioreq.o(i.USBD_CtlPrepareRx)
    USBD_CtlReceiveStatus                    0x08003309   Thumb Code    22  usbd_ioreq.o(i.USBD_CtlReceiveStatus)
    USBD_CtlSendData                         0x0800331f   Thumb Code    26  usbd_ioreq.o(i.USBD_CtlSendData)
    USBD_CtlSendStatus                       0x08003339   Thumb Code    22  usbd_ioreq.o(i.USBD_CtlSendStatus)
    USBD_FS_ConfigStrDescriptor              0x08003351   Thumb Code    16  usbd_desc.o(i.USBD_FS_ConfigStrDescriptor)
    USBD_FS_DeviceDescriptor                 0x08003371   Thumb Code     8  usbd_desc.o(i.USBD_FS_DeviceDescriptor)
    USBD_FS_InterfaceStrDescriptor           0x0800337d   Thumb Code    16  usbd_desc.o(i.USBD_FS_InterfaceStrDescriptor)
    USBD_FS_LangIDStrDescriptor              0x080033a1   Thumb Code     8  usbd_desc.o(i.USBD_FS_LangIDStrDescriptor)
    USBD_FS_ManufacturerStrDescriptor        0x080033ad   Thumb Code    16  usbd_desc.o(i.USBD_FS_ManufacturerStrDescriptor)
    USBD_FS_ProductStrDescriptor             0x080033d5   Thumb Code    16  usbd_desc.o(i.USBD_FS_ProductStrDescriptor)
    USBD_FS_SerialStrDescriptor              0x08003401   Thumb Code    48  usbd_desc.o(i.USBD_FS_SerialStrDescriptor)
    USBD_GetString                           0x08003521   Thumb Code    72  usbd_ctlreq.o(i.USBD_GetString)
    USBD_Init                                0x08003581   Thumb Code    42  usbd_core.o(i.USBD_Init)
    USBD_LL_ClearStallEP                     0x080035ab   Thumb Code    18  usbd_conf.o(i.USBD_LL_ClearStallEP)
    USBD_LL_CloseEP                          0x080035bd   Thumb Code    18  usbd_conf.o(i.USBD_LL_CloseEP)
    USBD_LL_DataInStage                      0x080035cf   Thumb Code   198  usbd_core.o(i.USBD_LL_DataInStage)
    USBD_LL_DataOutStage                     0x08003695   Thumb Code   130  usbd_core.o(i.USBD_LL_DataOutStage)
    USBD_LL_GetRxDataSize                    0x08003717   Thumb Code     8  usbd_conf.o(i.USBD_LL_GetRxDataSize)
    USBD_LL_Init                             0x08003721   Thumb Code   118  usbd_conf.o(i.USBD_LL_Init)
    USBD_LL_IsStallEP                        0x080037a1   Thumb Code    32  usbd_conf.o(i.USBD_LL_IsStallEP)
    USBD_LL_OpenEP                           0x080037c1   Thumb Code    24  usbd_conf.o(i.USBD_LL_OpenEP)
    USBD_LL_PrepareReceive                   0x080037d9   Thumb Code    18  usbd_conf.o(i.USBD_LL_PrepareReceive)
    USBD_LL_Reset                            0x080037eb   Thumb Code    80  usbd_core.o(i.USBD_LL_Reset)
    USBD_LL_Resume                           0x0800383b   Thumb Code    20  usbd_core.o(i.USBD_LL_Resume)
    USBD_LL_SOF                              0x0800384f   Thumb Code    24  usbd_core.o(i.USBD_LL_SOF)
    USBD_LL_SetSpeed                         0x08003867   Thumb Code     6  usbd_core.o(i.USBD_LL_SetSpeed)
    USBD_LL_SetUSBAddress                    0x0800386d   Thumb Code    18  usbd_conf.o(i.USBD_LL_SetUSBAddress)
    USBD_LL_SetupStage                       0x0800387f   Thumb Code    90  usbd_core.o(i.USBD_LL_SetupStage)
    USBD_LL_StallEP                          0x080038d9   Thumb Code    18  usbd_conf.o(i.USBD_LL_StallEP)
    USBD_LL_Start                            0x080038eb   Thumb Code    18  usbd_conf.o(i.USBD_LL_Start)
    USBD_LL_Suspend                          0x080038fd   Thumb Code    18  usbd_core.o(i.USBD_LL_Suspend)
    USBD_LL_Transmit                         0x0800390f   Thumb Code    18  usbd_conf.o(i.USBD_LL_Transmit)
    USBD_ParseSetupRequest                   0x08003921   Thumb Code    40  usbd_ctlreq.o(i.USBD_ParseSetupRequest)
    USBD_RegisterClass                       0x08003949   Thumb Code    16  usbd_core.o(i.USBD_RegisterClass)
    USBD_SetClassConfig                      0x08003959   Thumb Code    22  usbd_core.o(i.USBD_SetClassConfig)
    USBD_Start                               0x080039f5   Thumb Code    10  usbd_core.o(i.USBD_Start)
    USBD_StdDevReq                           0x080039ff   Thumb Code   274  usbd_ctlreq.o(i.USBD_StdDevReq)
    USBD_StdEPReq                            0x08003b11   Thumb Code   336  usbd_ctlreq.o(i.USBD_StdEPReq)
    USBD_StdItfReq                           0x08003c61   Thumb Code    78  usbd_ctlreq.o(i.USBD_StdItfReq)
    USBD_static_free                         0x08003caf   Thumb Code     2  usbd_conf.o(i.USBD_static_free)
    USBD_static_malloc                       0x08003cb1   Thumb Code     4  usbd_conf.o(i.USBD_static_malloc)
    USB_ActivateEndpoint                     0x08003cb9   Thumb Code   600  stm32f1xx_ll_usb.o(i.USB_ActivateEndpoint)
    USB_CoreInit                             0x08003f11   Thumb Code     4  stm32f1xx_ll_usb.o(i.USB_CoreInit)
    USB_DeactivateEndpoint                   0x08003f15   Thumb Code   270  stm32f1xx_ll_usb.o(i.USB_DeactivateEndpoint)
    USB_DevConnect                           0x08004023   Thumb Code     4  stm32f1xx_ll_usb.o(i.USB_DevConnect)
    USB_DevDisconnect                        0x08004027   Thumb Code     4  stm32f1xx_ll_usb.o(i.USB_DevDisconnect)
    USB_DevInit                              0x0800402b   Thumb Code    18  stm32f1xx_ll_usb.o(i.USB_DevInit)
    USB_DisableGlobalInt                     0x0800403d   Thumb Code    14  stm32f1xx_ll_usb.o(i.USB_DisableGlobalInt)
    USB_EP0_OutStart                         0x0800404b   Thumb Code     4  stm32f1xx_ll_usb.o(i.USB_EP0_OutStart)
    USB_EPClearStall                         0x0800404f   Thumb Code   120  stm32f1xx_ll_usb.o(i.USB_EPClearStall)
    USB_EPSetStall                           0x080040c7   Thumb Code    50  stm32f1xx_ll_usb.o(i.USB_EPSetStall)
    USB_EPStartXfer                          0x080040f9   Thumb Code  1548  stm32f1xx_ll_usb.o(i.USB_EPStartXfer)
    USB_EnableGlobalInt                      0x08004705   Thumb Code    18  stm32f1xx_ll_usb.o(i.USB_EnableGlobalInt)
    USB_LP_CAN1_RX0_IRQHandler               0x08004719   Thumb Code     6  stm32f1xx_it.o(i.USB_LP_CAN1_RX0_IRQHandler)
    USB_ReadInterrupts                       0x08004725   Thumb Code     6  stm32f1xx_ll_usb.o(i.USB_ReadInterrupts)
    USB_ReadPMA                              0x0800472d   Thumb Code    44  stm32f1xx_ll_usb.o(i.USB_ReadPMA)
    USB_SetCurrentMode                       0x08004759   Thumb Code     4  stm32f1xx_ll_usb.o(i.USB_SetCurrentMode)
    USB_SetDevAddress                        0x0800475d   Thumb Code    12  stm32f1xx_ll_usb.o(i.USB_SetDevAddress)
    USB_WritePMA                             0x08004769   Thumb Code    38  stm32f1xx_ll_usb.o(i.USB_WritePMA)
    UsageFault_Handler                       0x0800478f   Thumb Code     2  stm32f1xx_it.o(i.UsageFault_Handler)
    NBT_handler(nbt_t*)                      0x08004791   Thumb Code    32  nbt.o(i._Z11NBT_handlerP5nbt_t)
    ringbuffer_init(ringbuffer*, unsigned char*, short) 0x080047b1   Thumb Code    34  ringbuffer.o(i._Z15ringbuffer_initP10ringbufferPhs)
    ringbuffer_status(ringbuffer*)           0x080047d3   Thumb Code    32  ringbuffer.o(i._Z17ringbuffer_statusP10ringbuffer)
    ringbuffer_getchar(ringbuffer*, unsigned char*) 0x080047f3   Thumb Code    70  ringbuffer.o(i._Z18ringbuffer_getcharP10ringbufferPh)
    ringbuffer_putchar(ringbuffer*, unsigned char) 0x08004839   Thumb Code    74  ringbuffer.o(i._Z18ringbuffer_putcharP10ringbufferh)
    ringbuffer_data_len(ringbuffer*)         0x08004883   Thumb Code    52  ringbuffer.o(i._Z19ringbuffer_data_lenP10ringbuffer)
    NBT_init(nbt_t*, unsigned)               0x080048b7   Thumb Code    14  nbt.o(i._Z8NBT_initP5nbt_tj)
    rosserial_msgs::RequestParamResponse::deserialize(unsigned char*) 0x080048c5   Thumb Code   298  cpp_main.o(i._ZN14rosserial_msgs20RequestParamResponse11deserializeEPh)
    rosserial_msgs::RequestParamResponse::getMD5() 0x080049f1   Thumb Code     4  cpp_main.o(i._ZN14rosserial_msgs20RequestParamResponse6getMD5Ev)
    rosserial_msgs::RequestParamResponse::getType() 0x080049f9   Thumb Code     4  cpp_main.o(i._ZN14rosserial_msgs20RequestParamResponse7getTypeEv)
    rosserial_msgs::Log::getMD5()            0x08004a01   Thumb Code     4  cpp_main.o(i._ZN14rosserial_msgs3Log6getMD5Ev)
    rosserial_msgs::Log::getType()           0x08004a09   Thumb Code     4  cpp_main.o(i._ZN14rosserial_msgs3Log7getTypeEv)
    rosserial_msgs::TopicInfo::getMD5()      0x08004a11   Thumb Code     4  cpp_main.o(i._ZN14rosserial_msgs9TopicInfo6getMD5Ev)
    rosserial_msgs::TopicInfo::getType()     0x08004a19   Thumb Code     4  cpp_main.o(i._ZN14rosserial_msgs9TopicInfo7getTypeEv)
    ros::normalizeSecNSec(unsigned&, unsigned&) 0x08004a21   Thumb Code    28  time.o(i._ZN3ros16normalizeSecNSecERjS0_)
    std_msgs::MultiArrayLayout::getMD5()     0x08004a41   Thumb Code     4  cpp_main.o(i._ZN8std_msgs16MultiArrayLayout6getMD5Ev)
    std_msgs::MultiArrayLayout::getType()    0x08004a49   Thumb Code     4  cpp_main.o(i._ZN8std_msgs16MultiArrayLayout7getTypeEv)
    std_msgs::Float32MultiArray::getMD5()    0x08004a51   Thumb Code     4  cpp_main.o(i._ZN8std_msgs17Float32MultiArray6getMD5Ev)
    std_msgs::Float32MultiArray::getType()   0x08004a59   Thumb Code     4  cpp_main.o(i._ZN8std_msgs17Float32MultiArray7getTypeEv)
    std_msgs::MultiArrayDimension::getMD5()  0x08004a61   Thumb Code     4  cpp_main.o(i._ZN8std_msgs19MultiArrayDimension6getMD5Ev)
    std_msgs::MultiArrayDimension::getType() 0x08004a69   Thumb Code     4  cpp_main.o(i._ZN8std_msgs19MultiArrayDimension7getTypeEv)
    std_msgs::Time::deserialize(unsigned char*) 0x08004a71   Thumb Code    62  cpp_main.o(i._ZN8std_msgs4Time11deserializeEPh)
    std_msgs::Time::getMD5()                 0x08004ab1   Thumb Code     4  cpp_main.o(i._ZN8std_msgs4Time6getMD5Ev)
    std_msgs::Time::getType()                0x08004ab9   Thumb Code     4  cpp_main.o(i._ZN8std_msgs4Time7getTypeEv)
    std_msgs::Time::Time()                   0x08004ac1   Thumb Code    12  cpp_main.o(i._ZN8std_msgs4TimeC1Ev)
    std_msgs::Time::Time__sub_object()       0x08004ac1   Thumb Code     0  cpp_main.o(i._ZN8std_msgs4TimeC1Ev)
    rosserial_msgs::RequestParamResponse::serialize(unsigned char*) const 0x08004ad1   Thumb Code   210  cpp_main.o(i._ZNK14rosserial_msgs20RequestParamResponse9serializeEPh)
    rosserial_msgs::Log::serialize(unsigned char*) const 0x08004ba3   Thumb Code    40  cpp_main.o(i._ZNK14rosserial_msgs3Log9serializeEPh)
    rosserial_msgs::TopicInfo::serialize(unsigned char*) const 0x08004bcb   Thumb Code   130  cpp_main.o(i._ZNK14rosserial_msgs9TopicInfo9serializeEPh)
    std_msgs::MultiArrayLayout::serialize(unsigned char*) const 0x08004c4d   Thumb Code    90  cpp_main.o(i._ZNK8std_msgs16MultiArrayLayout9serializeEPh)
    std_msgs::Float32MultiArray::serialize(unsigned char*) const 0x08004ca7   Thumb Code    78  cpp_main.o(i._ZNK8std_msgs17Float32MultiArray9serializeEPh)
    std_msgs::MultiArrayDimension::serialize(unsigned char*) const 0x08004cf5   Thumb Code    88  cpp_main.o(i._ZNK8std_msgs19MultiArrayDimension9serializeEPh)
    std_msgs::Time::serialize(unsigned char*) const 0x08004d4d   Thumb Code    50  cpp_main.o(i._ZNK8std_msgs4Time9serializeEPh)
    airSens_handler                          0x08004e01   Thumb Code    40  cpp_main.o(i.airSens_handler)
    cdc_receive_put                          0x08004e31   Thumb Code     8  cpp_main.o(i.cdc_receive_put)
    hdc1080_init                             0x08004e3d   Thumb Code    66  hdc1080.o(i.hdc1080_init)
    init_ROS                                 0x08004e81   Thumb Code    96  cpp_main.o(i.init_ROS)
    init_ledStatus                           0x08004eed   Thumb Code    10  ledstatus.o(i.init_ledStatus)
    ledStatus_handler                        0x08004efd   Thumb Code    28  ledstatus.o(i.ledStatus_handler)
    main                                     0x08004f21   Thumb Code    70  main.o(i.main)
    spinOnce                                 0x08004f6d   Thumb Code    24  cpp_main.o(i.spinOnce)
    ros::NodeHandle_<STM32Hardware, (int)5, (int)5, (int)100, (int)100>::negotiateTopics() 0x08004f8d   Thumb Code   200  cpp_main.o(t._ZN3ros11NodeHandle_I13STM32HardwareLi5ELi5ELi100ELi100EE15negotiateTopicsEv)
    ros::NodeHandle_<STM32Hardware, (int)5, (int)5, (int)100, (int)100>::requestSyncTime() 0x0800505d   Thumb Code    30  cpp_main.o(t._ZN3ros11NodeHandle_I13STM32HardwareLi5ELi5ELi100ELi100EE15requestSyncTimeEv)
    ros::NodeHandle_<STM32Hardware, (int)5, (int)5, (int)100, (int)100>::publish(int, const ros::Msg*) 0x0800507d   Thumb Code   172  cpp_main.o(t._ZN3ros11NodeHandle_I13STM32HardwareLi5ELi5ELi100ELi100EE7publishEiPKNS_3MsgE)
    ros::NodeHandle_<STM32Hardware, (int)5, (int)5, (int)100, (int)100>::spinOnce() 0x08005131   Thumb Code   638  cpp_main.o(t._ZN3ros11NodeHandle_I13STM32HardwareLi5ELi5ELi100ELi100EE8spinOnceEv)
    ros::NodeHandle_<STM32Hardware, (int)5, (int)5, (int)100, (int)100>::NodeHandle_() 0x080053c1   Thumb Code   108  cpp_main.o(t._ZN3ros11NodeHandle_I13STM32HardwareLi5ELi5ELi100ELi100EEC1Ev)
    ros::NodeHandle_<STM32Hardware, (int)5, (int)5, (int)100, (int)100>::NodeHandle___sub_object() 0x080053c1   Thumb Code     0  cpp_main.o(t._ZN3ros11NodeHandle_I13STM32HardwareLi5ELi5ELi100ELi100EEC1Ev)
    void ros::Msg::arrToVar<unsigned, unsigned char*>(T1&, T2) 0x08005435   Thumb Code    26  cpp_main.o(t._ZN3ros3Msg8arrToVarIjPhEEvRT_T0_)
    void ros::Msg::varToArr<unsigned char*, unsigned>(T1, T2) 0x0800544f   Thumb Code    18  cpp_main.o(t._ZN3ros3Msg8varToArrIPhjEEvT_T0_)
    AHBPrescTable                            0x0800547c   Data          16  system_stm32f1xx.o(.constdata)
    APBPrescTable                            0x0800548c   Data           8  system_stm32f1xx.o(.constdata)
    vtable for rosserial_msgs::RequestParamResponse 0x08005494   Data          24  cpp_main.o(.constdata__ZTVN14rosserial_msgs20RequestParamResponseE)
    vtable for rosserial_msgs::Log           0x080054ac   Data          24  cpp_main.o(.constdata__ZTVN14rosserial_msgs3LogE)
    vtable for rosserial_msgs::TopicInfo     0x080054c4   Data          24  cpp_main.o(.constdata__ZTVN14rosserial_msgs9TopicInfoE)
    vtable for ros::NodeHandle_<STM32Hardware, (int)5, (int)5, (int)100, (int)100> 0x080054dc   Data          20  cpp_main.o(.constdata__ZTVN3ros11NodeHandle_I13STM32HardwareLi5ELi5ELi100ELi100EEE)
    vtable for std_msgs::MultiArrayLayout    0x080054f0   Data          24  cpp_main.o(.constdata__ZTVN8std_msgs16MultiArrayLayoutE)
    vtable for std_msgs::Float32MultiArray   0x08005508   Data          24  cpp_main.o(.constdata__ZTVN8std_msgs17Float32MultiArrayE)
    vtable for std_msgs::MultiArrayDimension 0x08005520   Data          24  cpp_main.o(.constdata__ZTVN8std_msgs19MultiArrayDimensionE)
    vtable for std_msgs::Time                0x08005538   Data          24  cpp_main.o(.constdata__ZTVN8std_msgs4TimeE)
    rosserial_msgs::RequestParamResponse::getMD5()::string 0x08005550   Data          33  cpp_main.o(.constdata__ZZN14rosserial_msgs20RequestParamResponse6getMD5EvEs)
    rosserial_msgs::Log::getMD5()::string    0x08005571   Data          33  cpp_main.o(.constdata__ZZN14rosserial_msgs3Log6getMD5EvEs)
    rosserial_msgs::Log::getType()::string   0x08005592   Data          19  cpp_main.o(.constdata__ZZN14rosserial_msgs3Log7getTypeEvEs)
    rosserial_msgs::TopicInfo::getMD5()::string 0x080055a5   Data          33  cpp_main.o(.constdata__ZZN14rosserial_msgs9TopicInfo6getMD5EvEs)
    rosserial_msgs::TopicInfo::getType()::string 0x080055c6   Data          25  cpp_main.o(.constdata__ZZN14rosserial_msgs9TopicInfo7getTypeEvEs)
    rosserial_msgs::TopicInfo::TopicInfo()::string 0x080055df   Data           1  cpp_main.o(.constdata__ZZN14rosserial_msgs9TopicInfoC1EvEs)
    ros::NodeHandle_<STM32Hardware, (int)5, (int)5, (int)100, (int)100>::publish(int, const ros::Msg*)::string 0x080055e0   Data          57  cpp_main.o(.constdata__ZZN3ros11NodeHandle_I13STM32HardwareLi5ELi5ELi100ELi100EE7publishEiPKNS_3MsgEEs)
    std_msgs::MultiArrayLayout::getMD5()::string 0x08005619   Data          33  cpp_main.o(.constdata__ZZN8std_msgs16MultiArrayLayout6getMD5EvEs)
    std_msgs::MultiArrayLayout::getType()::string 0x0800563a   Data          26  cpp_main.o(.constdata__ZZN8std_msgs16MultiArrayLayout7getTypeEvEs)
    std_msgs::Float32MultiArray::getMD5()::string 0x08005654   Data          33  cpp_main.o(.constdata__ZZN8std_msgs17Float32MultiArray6getMD5EvEs)
    std_msgs::Float32MultiArray::getType()::string 0x08005675   Data          27  cpp_main.o(.constdata__ZZN8std_msgs17Float32MultiArray7getTypeEvEs)
    std_msgs::MultiArrayDimension::getMD5()::string 0x08005690   Data          33  cpp_main.o(.constdata__ZZN8std_msgs19MultiArrayDimension6getMD5EvEs)
    std_msgs::MultiArrayDimension::getType()::string 0x080056b1   Data          29  cpp_main.o(.constdata__ZZN8std_msgs19MultiArrayDimension7getTypeEvEs)
    std_msgs::MultiArrayDimension::MultiArrayDimension()::string 0x080056ce   Data           1  cpp_main.o(.constdata__ZZN8std_msgs19MultiArrayDimensionC1EvEs)
    std_msgs::Time::getMD5()::string         0x080056cf   Data          33  cpp_main.o(.constdata__ZZN8std_msgs4Time6getMD5EvEs)
    std_msgs::Time::getType()::string        0x080056f0   Data          14  cpp_main.o(.constdata__ZZN8std_msgs4Time7getTypeEvEs)
    Region$$Table$$Base                      0x08005700   Number         0  anon$$obj.o(Region$$Table)
    Region$$Table$$Limit                     0x08005720   Number         0  anon$$obj.o(Region$$Table)
    SHT$$INIT_ARRAY$$Base                    0x08005720   Number         0  cpp_main.o(.init_array)
    SHT$$INIT_ARRAY$$Limit                   0x08005724   Number         0  init_aeabi.o(.init_array)
    uwTickFreq                               0x20000018   Data           1  stm32f1xx_hal.o(.data)
    uwTickPrio                               0x2000001c   Data           4  stm32f1xx_hal.o(.data)
    uwTick                                   0x20000020   Data           4  stm32f1xx_hal.o(.data)
    SystemCoreClock                          0x20000024   Data           4  system_stm32f1xx.o(.data)
    FS_Desc                                  0x20000028   Data          28  usbd_desc.o(.data)
    USBD_LangIDDesc                          0x20000044   Data           4  usbd_desc.o(.data)
    USBD_FS_DeviceDesc                       0x20000048   Data          18  usbd_desc.o(.data)
    USBD_StringSerial                        0x2000005c   Data          26  usbd_desc.o(.data)
    RxFifoIndex                              0x20000078   Data           4  usbd_cdc_if.o(.data)
    USBD_Interface_fops_FS                   0x2000007c   Data          16  usbd_cdc_if.o(.data)
    USBD_CDC_CfgHSDesc                       0x2000009c   Data          67  usbd_cdc.o(.data)
    USBD_CDC_CfgFSDesc                       0x200000e0   Data          67  usbd_cdc.o(.data)
    USBD_CDC_OtherSpeedCfgDesc               0x20000124   Data          67  usbd_cdc.o(.data)
    USBD_CDC                                 0x20000168   Data          56  usbd_cdc.o(.data)
    hadc1                                    0x200001a0   Data          48  adc.o(.bss)
    hi2c1                                    0x200001d0   Data          84  i2c.o(.bss)
    rb                                       0x20000224   Data          12  cpp_main.o(.bss)
    nh                                       0x20000230   Data         344  cpp_main.o(.bss)
    airSens_msg                              0x20000388   Data          48  cpp_main.o(.bss)
    airSens                                  0x200003b8   Data          20  cpp_main.o(.bss)
    hUsbDeviceFS                             0x200003cc   Data         708  usb_device.o(.bss)
    USBD_StrDesc                             0x20000690   Data         512  usbd_desc.o(.bss)
    RxBuffer                                 0x20000890   Data        1024  usbd_cdc_if.o(.bss)
    UserRxBufferFS                           0x20000c90   Data          64  usbd_cdc_if.o(.bss)
    UserTxBufferFS                           0x20000cd0   Data          64  usbd_cdc_if.o(.bss)
    hpcd_USB_FS                              0x20000f30   Data         748  usbd_conf.o(.bss)
    __libspace_start                         0x2000121c   Data          96  libspace.o(.bss)
    __temporary_stack_top$libspace           0x2000127c   Data           0  libspace.o(.bss)



==============================================================================

Memory Map of the image

  Image Entry point : 0x080000ed

  Load Region LR_IROM1 (Base: 0x08000000, Size: 0x000058c4, Max: 0x00010000, ABSOLUTE, COMPRESSED[0x000057e4])

    Execution Region ER_IROM1 (Exec base: 0x08000000, Load base: 0x08000000, Size: 0x00005724, Max: 0x00010000, ABSOLUTE)

    Exec Addr    Load Addr    Size         Type   Attr      Idx    E Section Name        Object

    0x08000000   0x08000000   0x000000ec   Data   RO            3    RESET               startup_stm32f103xb.o
    0x080000ec   0x080000ec   0x00000008   Code   RO         4472  * !!!main             c_w.l(__main.o)
    0x080000f4   0x080000f4   0x00000034   Code   RO         4878    !!!scatter          c_w.l(__scatter.o)
    0x08000128   0x08000128   0x0000005a   Code   RO         4876    !!dczerorl2         c_w.l(__dczerorl2.o)
    0x08000182   0x08000182   0x00000002   PAD
    0x08000184   0x08000184   0x0000001c   Code   RO         4880    !!handler_zi        c_w.l(__scatter_zi.o)
    0x080001a0   0x080001a0   0x00000002   Code   RO         4803    .ARM.Collect$$libinit$$00000000  c_w.l(libinit.o)
    0x080001a2   0x080001a2   0x00000000   Code   RO         4649    .ARM.Collect$$libinit$$00000002  c_w.l(libinit2.o)
    0x080001a2   0x080001a2   0x00000000   Code   RO         4651    .ARM.Collect$$libinit$$00000004  c_w.l(libinit2.o)
    0x080001a2   0x080001a2   0x00000008   Code   RO         4652    .ARM.Collect$$libinit$$00000005  c_w.l(libinit2.o)
    0x080001aa   0x080001aa   0x00000000   Code   RO         4654    .ARM.Collect$$libinit$$0000000A  c_w.l(libinit2.o)
    0x080001aa   0x080001aa   0x00000000   Code   RO         4656    .ARM.Collect$$libinit$$0000000C  c_w.l(libinit2.o)
    0x080001aa   0x080001aa   0x00000000   Code   RO         4658    .ARM.Collect$$libinit$$0000000E  c_w.l(libinit2.o)
    0x080001aa   0x080001aa   0x00000000   Code   RO         4661    .ARM.Collect$$libinit$$00000011  c_w.l(libinit2.o)
    0x080001aa   0x080001aa   0x00000000   Code   RO         4663    .ARM.Collect$$libinit$$00000013  c_w.l(libinit2.o)
    0x080001aa   0x080001aa   0x00000000   Code   RO         4665    .ARM.Collect$$libinit$$00000015  c_w.l(libinit2.o)
    0x080001aa   0x080001aa   0x00000000   Code   RO         4667    .ARM.Collect$$libinit$$00000017  c_w.l(libinit2.o)
    0x080001aa   0x080001aa   0x00000000   Code   RO         4669    .ARM.Collect$$libinit$$00000019  c_w.l(libinit2.o)
    0x080001aa   0x080001aa   0x00000000   Code   RO         4671    .ARM.Collect$$libinit$$0000001B  c_w.l(libinit2.o)
    0x080001aa   0x080001aa   0x00000000   Code   RO         4673    .ARM.Collect$$libinit$$0000001D  c_w.l(libinit2.o)
    0x080001aa   0x080001aa   0x00000000   Code   RO         4675    .ARM.Collect$$libinit$$0000001F  c_w.l(libinit2.o)
    0x080001aa   0x080001aa   0x00000000   Code   RO         4677    .ARM.Collect$$libinit$$00000021  c_w.l(libinit2.o)
    0x080001aa   0x080001aa   0x00000000   Code   RO         4679    .ARM.Collect$$libinit$$00000023  c_w.l(libinit2.o)
    0x080001aa   0x080001aa   0x00000000   Code   RO         4681    .ARM.Collect$$libinit$$00000025  c_w.l(libinit2.o)
    0x080001aa   0x080001aa   0x00000000   Code   RO         4685    .ARM.Collect$$libinit$$0000002C  c_w.l(libinit2.o)
    0x080001aa   0x080001aa   0x00000000   Code   RO         4687    .ARM.Collect$$libinit$$0000002E  c_w.l(libinit2.o)
    0x080001aa   0x080001aa   0x00000000   Code   RO         4689    .ARM.Collect$$libinit$$00000030  c_w.l(libinit2.o)
    0x080001aa   0x080001aa   0x00000004   Code   RO         4690    .ARM.Collect$$libinit$$00000031  c_w.l(libinit2.o)
    0x080001ae   0x080001ae   0x00000000   Code   RO         4691    .ARM.Collect$$libinit$$00000032  c_w.l(libinit2.o)
    0x080001ae   0x080001ae   0x00000002   Code   RO         4692    .ARM.Collect$$libinit$$00000033  c_w.l(libinit2.o)
    0x080001b0   0x080001b0   0x00000002   Code   RO         4873    .ARM.Collect$$libshutdown$$00000000  c_w.l(libshutdown.o)
    0x080001b2   0x080001b2   0x00000000   Code   RO         4829    .ARM.Collect$$libshutdown$$00000002  c_w.l(libshutdown2.o)
    0x080001b2   0x080001b2   0x00000000   Code   RO         4831    .ARM.Collect$$libshutdown$$00000004  c_w.l(libshutdown2.o)
    0x080001b2   0x080001b2   0x00000000   Code   RO         4834    .ARM.Collect$$libshutdown$$00000007  c_w.l(libshutdown2.o)
    0x080001b2   0x080001b2   0x00000000   Code   RO         4837    .ARM.Collect$$libshutdown$$0000000A  c_w.l(libshutdown2.o)
    0x080001b2   0x080001b2   0x00000000   Code   RO         4839    .ARM.Collect$$libshutdown$$0000000C  c_w.l(libshutdown2.o)
    0x080001b2   0x080001b2   0x00000000   Code   RO         4842    .ARM.Collect$$libshutdown$$0000000F  c_w.l(libshutdown2.o)
    0x080001b2   0x080001b2   0x00000002   Code   RO         4843    .ARM.Collect$$libshutdown$$00000010  c_w.l(libshutdown2.o)
    0x080001b4   0x080001b4   0x00000000   Code   RO         4614    .ARM.Collect$$rtentry$$00000000  c_w.l(__rtentry.o)
    0x080001b4   0x080001b4   0x00000000   Code   RO         4719    .ARM.Collect$$rtentry$$00000002  c_w.l(__rtentry2.o)
    0x080001b4   0x080001b4   0x00000006   Code   RO         4731    .ARM.Collect$$rtentry$$00000004  c_w.l(__rtentry4.o)
    0x080001ba   0x080001ba   0x00000000   Code   RO         4721    .ARM.Collect$$rtentry$$00000009  c_w.l(__rtentry2.o)
    0x080001ba   0x080001ba   0x00000004   Code   RO         4722    .ARM.Collect$$rtentry$$0000000A  c_w.l(__rtentry2.o)
    0x080001be   0x080001be   0x00000000   Code   RO         4724    .ARM.Collect$$rtentry$$0000000C  c_w.l(__rtentry2.o)
    0x080001be   0x080001be   0x00000008   Code   RO         4725    .ARM.Collect$$rtentry$$0000000D  c_w.l(__rtentry2.o)
    0x080001c6   0x080001c6   0x00000002   Code   RO         4814    .ARM.Collect$$rtexit$$00000000  c_w.l(rtexit.o)
    0x080001c8   0x080001c8   0x00000000   Code   RO         4847    .ARM.Collect$$rtexit$$00000002  c_w.l(rtexit2.o)
    0x080001c8   0x080001c8   0x00000004   Code   RO         4848    .ARM.Collect$$rtexit$$00000003  c_w.l(rtexit2.o)
    0x080001cc   0x080001cc   0x00000006   Code   RO         4849    .ARM.Collect$$rtexit$$00000004  c_w.l(rtexit2.o)
    0x080001d2   0x080001d2   0x00000002   PAD
    0x080001d4   0x080001d4   0x00000000   Code   RO         4733    .emb_text           c_w.l(maybetermalloc1.o)
    0x080001d4   0x080001d4   0x00000040   Code   RO            4    .text               startup_stm32f103xb.o
    0x08000214   0x08000214   0x000000b8   Code   RO         4406    .text               c_w.l(h1_realloc.o)
    0x080002cc   0x080002cc   0x0000003e   Code   RO         4462    .text               c_w.l(strlen.o)
    0x0800030a   0x0800030a   0x0000008a   Code   RO         4464    .text               c_w.l(rt_memcpy_v6.o)
    0x08000394   0x08000394   0x00000064   Code   RO         4466    .text               c_w.l(rt_memcpy_w.o)
    0x080003f8   0x080003f8   0x0000004e   Code   RO         4468    .text               c_w.l(rt_memclr_w.o)
    0x08000446   0x08000446   0x00000006   Code   RO         4470    .text               c_w.l(heapauxi.o)
    0x0800044c   0x0800044c   0x00000024   Code   RO         4477    .text               c_w.l(init_aeabi.o)
    0x08000470   0x08000470   0x00000008   Code   RO         4618    .text               c_w.l(rt_heap_descriptor_intlibspace.o)
    0x08000478   0x08000478   0x00000004   Code   RO         4620    .text               c_w.l(hguard.o)
    0x0800047c   0x0800047c   0x0000008a   Code   RO         4622    .text               c_w.l(init_alloc.o)
    0x08000506   0x08000506   0x0000005e   Code   RO         4630    .text               c_w.l(h1_alloc.o)
    0x08000564   0x08000564   0x0000004e   Code   RO         4632    .text               c_w.l(h1_free.o)
    0x080005b2   0x080005b2   0x00000002   PAD
    0x080005b4   0x080005b4   0x00000008   Code   RO         4715    .text               c_w.l(libspace.o)
    0x080005bc   0x080005bc   0x0000000e   Code   RO         4735    .text               c_w.l(h1_init.o)
    0x080005ca   0x080005ca   0x00000034   Code   RO         4737    .text               c_w.l(h1_extend.o)
    0x080005fe   0x080005fe   0x0000000e   Code   RO         4743    .text               c_w.l(defsig_rtmem_outer.o)
    0x0800060c   0x0800060c   0x0000004a   Code   RO         4773    .text               c_w.l(sys_stackheap_outer.o)
    0x08000656   0x08000656   0x00000012   Code   RO         4786    .text               c_w.l(exit.o)
    0x08000668   0x08000668   0x0000000a   Code   RO         4790    .text               c_w.l(defsig_exit.o)
    0x08000672   0x08000672   0x00000002   PAD
    0x08000674   0x08000674   0x00000050   Code   RO         4792    .text               c_w.l(defsig_rtmem_inner.o)
    0x080006c4   0x080006c4   0x0000000c   Code   RO         4809    .text               c_w.l(sys_exit.o)
    0x080006d0   0x080006d0   0x00000002   Code   RO         4811    .text               c_w.l(use_no_semi.o)
    0x080006d2   0x080006d2   0x00000000   Code   RO         4813    .text               c_w.l(indicate_semi.o)
    0x080006d2   0x080006d2   0x00000032   Code   RO         4822    .text               c_w.l(defsig_general.o)
    0x08000704   0x08000704   0x0000000e   Code   RO         4844    .text               c_w.l(sys_wrch.o)
    0x08000712   0x08000712   0x00000002   PAD
    0x08000714   0x08000714   0x00000056   Code   RO         2800    i.ADC_ConversionStop_Disable  stm32f1xx_hal_adc.o
    0x0800076a   0x0800076a   0x00000002   Code   RO          316    i.BusFault_Handler  stm32f1xx_it.o
    0x0800076c   0x0800076c   0x00000098   Code   RO          148    i.CCS811_init       ccs811.o
    0x08000804   0x08000804   0x00000004   Code   RO         3699    i.CDC_Control_FS    usbd_cdc_if.o
    0x08000808   0x08000808   0x00000004   Code   RO         3700    i.CDC_DeInit_FS     usbd_cdc_if.o
    0x0800080c   0x0800080c   0x00000024   Code   RO         3701    i.CDC_Init_FS       usbd_cdc_if.o
    0x08000830   0x08000830   0x00000064   Code   RO         3702    i.CDC_Receive_FS    usbd_cdc_if.o
    0x08000894   0x08000894   0x0000002c   Code   RO         3703    i.CDC_Transmit_FS   usbd_cdc_if.o
    0x080008c0   0x080008c0   0x00000002   Code   RO          317    i.DebugMon_Handler  stm32f1xx_it.o
    0x080008c2   0x080008c2   0x00000004   Code   RO         1240    i.Error_Handler     main.o
    0x080008c6   0x080008c6   0x00000002   PAD
    0x080008c8   0x080008c8   0x000000fc   Code   RO         2806    i.HAL_ADC_ConfigChannel  stm32f1xx_hal_adc.o
    0x080009c4   0x080009c4   0x0000011c   Code   RO         2815    i.HAL_ADC_Init      stm32f1xx_hal_adc.o
    0x08000ae0   0x08000ae0   0x00000058   Code   RO          233    i.HAL_ADC_MspInit   adc.o
    0x08000b38   0x08000b38   0x00000024   Code   RO         1832    i.HAL_Delay         stm32f1xx_hal.o
    0x08000b5c   0x08000b5c   0x000001e0   Code   RO         2140    i.HAL_GPIO_Init     stm32f1xx_hal_gpio.o
    0x08000d3c   0x08000d3c   0x00000010   Code   RO         2143    i.HAL_GPIO_TogglePin  stm32f1xx_hal_gpio.o
    0x08000d4c   0x08000d4c   0x0000000a   Code   RO         2144    i.HAL_GPIO_WritePin  stm32f1xx_hal_gpio.o
    0x08000d56   0x08000d56   0x00000002   PAD
    0x08000d58   0x08000d58   0x0000000c   Code   RO         1836    i.HAL_GetTick       stm32f1xx_hal.o
    0x08000d64   0x08000d64   0x00000188   Code   RO         3087    i.HAL_I2C_Init      stm32f1xx_hal_i2c.o
    0x08000eec   0x08000eec   0x0000016c   Code   RO         3088    i.HAL_I2C_IsDeviceReady  stm32f1xx_hal_i2c.o
    0x08001058   0x08001058   0x0000012c   Code   RO         3100    i.HAL_I2C_Master_Transmit  stm32f1xx_hal_i2c.o
    0x08001184   0x08001184   0x00000250   Code   RO         3105    i.HAL_I2C_Mem_Read  stm32f1xx_hal_i2c.o
    0x080013d4   0x080013d4   0x00000130   Code   RO         3108    i.HAL_I2C_Mem_Write  stm32f1xx_hal_i2c.o
    0x08001504   0x08001504   0x00000070   Code   RO          275    i.HAL_I2C_MspInit   i2c.o
    0x08001574   0x08001574   0x00000010   Code   RO         1842    i.HAL_IncTick       stm32f1xx_hal.o
    0x08001584   0x08001584   0x00000024   Code   RO         1843    i.HAL_Init          stm32f1xx_hal.o
    0x080015a8   0x080015a8   0x00000040   Code   RO         1844    i.HAL_InitTick      stm32f1xx_hal.o
    0x080015e8   0x080015e8   0x0000003c   Code   RO          398    i.HAL_MspInit       stm32f1xx_hal_msp.o
    0x08001624   0x08001624   0x0000001a   Code   RO         2300    i.HAL_NVIC_EnableIRQ  stm32f1xx_hal_cortex.o
    0x0800163e   0x0800163e   0x00000002   PAD
    0x08001640   0x08001640   0x00000040   Code   RO         2306    i.HAL_NVIC_SetPriority  stm32f1xx_hal_cortex.o
    0x08001680   0x08001680   0x00000024   Code   RO         2307    i.HAL_NVIC_SetPriorityGrouping  stm32f1xx_hal_cortex.o
    0x080016a4   0x080016a4   0x0000003c   Code   RO         1605    i.HAL_PCDEx_PMAConfig  stm32f1xx_hal_pcd_ex.o
    0x080016e0   0x080016e0   0x00000002   Code   RO         3753    i.HAL_PCDEx_SetConnectionState  usbd_conf.o
    0x080016e2   0x080016e2   0x00000012   Code   RO         3755    i.HAL_PCD_DataInStageCallback  usbd_conf.o
    0x080016f4   0x080016f4   0x00000014   Code   RO         3756    i.HAL_PCD_DataOutStageCallback  usbd_conf.o
    0x08001708   0x08001708   0x0000004c   Code   RO         1381    i.HAL_PCD_EP_Close  stm32f1xx_hal_pcd.o
    0x08001754   0x08001754   0x0000005c   Code   RO         1382    i.HAL_PCD_EP_ClrStall  stm32f1xx_hal_pcd.o
    0x080017b0   0x080017b0   0x000000e6   Code   RO         1383    i.HAL_PCD_EP_DB_Receive  stm32f1xx_hal_pcd.o
    0x08001896   0x08001896   0x00000330   Code   RO         1384    i.HAL_PCD_EP_DB_Transmit  stm32f1xx_hal_pcd.o
    0x08001bc6   0x08001bc6   0x00000012   Code   RO         1386    i.HAL_PCD_EP_GetRxCount  stm32f1xx_hal_pcd.o
    0x08001bd8   0x08001bd8   0x00000060   Code   RO         1387    i.HAL_PCD_EP_Open   stm32f1xx_hal_pcd.o
    0x08001c38   0x08001c38   0x00000032   Code   RO         1388    i.HAL_PCD_EP_Receive  stm32f1xx_hal_pcd.o
    0x08001c6a   0x08001c6a   0x00000072   Code   RO         1389    i.HAL_PCD_EP_SetStall  stm32f1xx_hal_pcd.o
    0x08001cdc   0x08001cdc   0x00000034   Code   RO         1390    i.HAL_PCD_EP_Transmit  stm32f1xx_hal_pcd.o
    0x08001d10   0x08001d10   0x00000154   Code   RO         1392    i.HAL_PCD_IRQHandler  stm32f1xx_hal_pcd.o
    0x08001e64   0x08001e64   0x000000da   Code   RO         1395    i.HAL_PCD_Init      stm32f1xx_hal_pcd.o
    0x08001f3e   0x08001f3e   0x00000002   PAD
    0x08001f40   0x08001f40   0x0000003c   Code   RO         3761    i.HAL_PCD_MspInit   usbd_conf.o
    0x08001f7c   0x08001f7c   0x00000026   Code   RO         3762    i.HAL_PCD_ResetCallback  usbd_conf.o
    0x08001fa2   0x08001fa2   0x00000008   Code   RO         3763    i.HAL_PCD_ResumeCallback  usbd_conf.o
    0x08001faa   0x08001faa   0x00000008   Code   RO         3764    i.HAL_PCD_SOFCallback  usbd_conf.o
    0x08001fb2   0x08001fb2   0x00000028   Code   RO         1401    i.HAL_PCD_SetAddress  stm32f1xx_hal_pcd.o
    0x08001fda   0x08001fda   0x0000000e   Code   RO         3765    i.HAL_PCD_SetupStageCallback  usbd_conf.o
    0x08001fe8   0x08001fe8   0x00000032   Code   RO         1403    i.HAL_PCD_Start     stm32f1xx_hal_pcd.o
    0x0800201a   0x0800201a   0x00000002   PAD
    0x0800201c   0x0800201c   0x00000024   Code   RO         3766    i.HAL_PCD_SuspendCallback  usbd_conf.o
    0x08002040   0x08002040   0x000000ec   Code   RO         2103    i.HAL_RCCEx_PeriphCLKConfig  stm32f1xx_hal_rcc_ex.o
    0x0800212c   0x0800212c   0x0000012c   Code   RO         2000    i.HAL_RCC_ClockConfig  stm32f1xx_hal_rcc.o
    0x08002258   0x08002258   0x00000020   Code   RO         2007    i.HAL_RCC_GetPCLK1Freq  stm32f1xx_hal_rcc.o
    0x08002278   0x08002278   0x0000006c   Code   RO         2009    i.HAL_RCC_GetSysClockFreq  stm32f1xx_hal_rcc.o
    0x080022e4   0x080022e4   0x00000320   Code   RO         2012    i.HAL_RCC_OscConfig  stm32f1xx_hal_rcc.o
    0x08002604   0x08002604   0x00000028   Code   RO         2311    i.HAL_SYSTICK_Config  stm32f1xx_hal_cortex.o
    0x0800262c   0x0800262c   0x00000002   Code   RO          318    i.HardFault_Handler  stm32f1xx_it.o
    0x0800262e   0x0800262e   0x0000002e   Code   RO         3129    i.I2C_IsAcknowledgeFailed  stm32f1xx_hal_i2c.o
    0x0800265c   0x0800265c   0x0000009c   Code   RO         3133    i.I2C_MasterRequestWrite  stm32f1xx_hal_i2c.o
    0x080026f8   0x080026f8   0x000000fc   Code   RO         3139    i.I2C_RequestMemoryRead  stm32f1xx_hal_i2c.o
    0x080027f4   0x080027f4   0x000000a8   Code   RO         3140    i.I2C_RequestMemoryWrite  stm32f1xx_hal_i2c.o
    0x0800289c   0x0800289c   0x0000004c   Code   RO         3144    i.I2C_WaitOnBTFFlagUntilTimeout  stm32f1xx_hal_i2c.o
    0x080028e8   0x080028e8   0x00000068   Code   RO         3145    i.I2C_WaitOnFlagUntilTimeout  stm32f1xx_hal_i2c.o
    0x08002950   0x08002950   0x00000096   Code   RO         3146    i.I2C_WaitOnMasterAddressFlagUntilTimeout  stm32f1xx_hal_i2c.o
    0x080029e6   0x080029e6   0x00000066   Code   RO         3147    i.I2C_WaitOnRXNEFlagUntilTimeout  stm32f1xx_hal_i2c.o
    0x08002a4c   0x08002a4c   0x0000004c   Code   RO         3148    i.I2C_WaitOnTXEFlagUntilTimeout  stm32f1xx_hal_i2c.o
    0x08002a98   0x08002a98   0x00000038   Code   RO         3613    i.IntToUnicode      usbd_desc.o
    0x08002ad0   0x08002ad0   0x0000004c   Code   RO          234    i.MX_ADC1_Init      adc.o
    0x08002b1c   0x08002b1c   0x00000080   Code   RO          205    i.MX_GPIO_Init      gpio.o
    0x08002b9c   0x08002b9c   0x00000040   Code   RO          276    i.MX_I2C1_Init      i2c.o
    0x08002bdc   0x08002bdc   0x00000054   Code   RO         3582    i.MX_USB_DEVICE_Init  usb_device.o
    0x08002c30   0x08002c30   0x00000002   Code   RO          319    i.MemManage_Handler  stm32f1xx_it.o
    0x08002c32   0x08002c32   0x00000002   Code   RO          320    i.NMI_Handler       stm32f1xx_it.o
    0x08002c34   0x08002c34   0x00000314   Code   RO         1407    i.PCD_EP_ISR_Handler  stm32f1xx_hal_pcd.o
    0x08002f48   0x08002f48   0x00000002   Code   RO          321    i.PendSV_Handler    stm32f1xx_it.o
    0x08002f4a   0x08002f4a   0x00000002   Code   RO          322    i.SVC_Handler       stm32f1xx_it.o
    0x08002f4c   0x08002f4c   0x00000004   Code   RO          323    i.SysTick_Handler   stm32f1xx_it.o
    0x08002f50   0x08002f50   0x0000007c   Code   RO         1241    i.SystemClock_Config  main.o
    0x08002fcc   0x08002fcc   0x00000002   Code   RO         3545    i.SystemInit        system_stm32f1xx.o
    0x08002fce   0x08002fce   0x00000046   Code   RO         4228    i.USBD_CDC_DataIn   usbd_cdc.o
    0x08003014   0x08003014   0x0000002e   Code   RO         4229    i.USBD_CDC_DataOut  usbd_cdc.o
    0x08003042   0x08003042   0x00000044   Code   RO         4230    i.USBD_CDC_DeInit   usbd_cdc.o
    0x08003086   0x08003086   0x00000024   Code   RO         4231    i.USBD_CDC_EP0_RxReady  usbd_cdc.o
    0x080030aa   0x080030aa   0x00000002   PAD
    0x080030ac   0x080030ac   0x0000000c   Code   RO         4232    i.USBD_CDC_GetDeviceQualifierDescriptor  usbd_cdc.o
    0x080030b8   0x080030b8   0x0000000c   Code   RO         4233    i.USBD_CDC_GetFSCfgDesc  usbd_cdc.o
    0x080030c4   0x080030c4   0x0000000c   Code   RO         4234    i.USBD_CDC_GetHSCfgDesc  usbd_cdc.o
    0x080030d0   0x080030d0   0x0000000c   Code   RO         4235    i.USBD_CDC_GetOtherSpeedCfgDesc  usbd_cdc.o
    0x080030dc   0x080030dc   0x00000094   Code   RO         4236    i.USBD_CDC_Init     usbd_cdc.o
    0x08003170   0x08003170   0x00000028   Code   RO         4237    i.USBD_CDC_ReceivePacket  usbd_cdc.o
    0x08003198   0x08003198   0x00000010   Code   RO         4238    i.USBD_CDC_RegisterInterface  usbd_cdc.o
    0x080031a8   0x080031a8   0x0000000c   Code   RO         4239    i.USBD_CDC_SetRxBuffer  usbd_cdc.o
    0x080031b4   0x080031b4   0x00000010   Code   RO         4240    i.USBD_CDC_SetTxBuffer  usbd_cdc.o
    0x080031c4   0x080031c4   0x000000ac   Code   RO         4241    i.USBD_CDC_Setup    usbd_cdc.o
    0x08003270   0x08003270   0x00000036   Code   RO         4242    i.USBD_CDC_TransmitPacket  usbd_cdc.o
    0x080032a6   0x080032a6   0x0000000e   Code   RO         3965    i.USBD_ClrClassConfig  usbd_core.o
    0x080032b4   0x080032b4   0x00000010   Code   RO         4168    i.USBD_CtlContinueRx  usbd_ioreq.o
    0x080032c4   0x080032c4   0x00000010   Code   RO         4169    i.USBD_CtlContinueSendData  usbd_ioreq.o
    0x080032d4   0x080032d4   0x00000016   Code   RO         4103    i.USBD_CtlError     usbd_ctlreq.o
    0x080032ea   0x080032ea   0x0000001e   Code   RO         4170    i.USBD_CtlPrepareRx  usbd_ioreq.o
    0x08003308   0x08003308   0x00000016   Code   RO         4171    i.USBD_CtlReceiveStatus  usbd_ioreq.o
    0x0800331e   0x0800331e   0x0000001a   Code   RO         4172    i.USBD_CtlSendData  usbd_ioreq.o
    0x08003338   0x08003338   0x00000016   Code   RO         4173    i.USBD_CtlSendStatus  usbd_ioreq.o
    0x0800334e   0x0800334e   0x00000002   PAD
    0x08003350   0x08003350   0x00000020   Code   RO         3614    i.USBD_FS_ConfigStrDescriptor  usbd_desc.o
    0x08003370   0x08003370   0x0000000c   Code   RO         3615    i.USBD_FS_DeviceDescriptor  usbd_desc.o
    0x0800337c   0x0800337c   0x00000024   Code   RO         3616    i.USBD_FS_InterfaceStrDescriptor  usbd_desc.o
    0x080033a0   0x080033a0   0x0000000c   Code   RO         3617    i.USBD_FS_LangIDStrDescriptor  usbd_desc.o
    0x080033ac   0x080033ac   0x00000028   Code   RO         3618    i.USBD_FS_ManufacturerStrDescriptor  usbd_desc.o
    0x080033d4   0x080033d4   0x0000002c   Code   RO         3619    i.USBD_FS_ProductStrDescriptor  usbd_desc.o
    0x08003400   0x08003400   0x00000038   Code   RO         3620    i.USBD_FS_SerialStrDescriptor  usbd_desc.o
    0x08003438   0x08003438   0x000000e8   Code   RO         4104    i.USBD_GetDescriptor  usbd_ctlreq.o
    0x08003520   0x08003520   0x00000048   Code   RO         4105    i.USBD_GetString    usbd_ctlreq.o
    0x08003568   0x08003568   0x00000018   Code   RO         3767    i.USBD_Get_USB_Status  usbd_conf.o
    0x08003580   0x08003580   0x0000002a   Code   RO         3967    i.USBD_Init         usbd_core.o
    0x080035aa   0x080035aa   0x00000012   Code   RO         3768    i.USBD_LL_ClearStallEP  usbd_conf.o
    0x080035bc   0x080035bc   0x00000012   Code   RO         3769    i.USBD_LL_CloseEP   usbd_conf.o
    0x080035ce   0x080035ce   0x000000c6   Code   RO         3968    i.USBD_LL_DataInStage  usbd_core.o
    0x08003694   0x08003694   0x00000082   Code   RO         3969    i.USBD_LL_DataOutStage  usbd_core.o
    0x08003716   0x08003716   0x00000008   Code   RO         3773    i.USBD_LL_GetRxDataSize  usbd_conf.o
    0x0800371e   0x0800371e   0x00000002   PAD
    0x08003720   0x08003720   0x00000080   Code   RO         3774    i.USBD_LL_Init      usbd_conf.o
    0x080037a0   0x080037a0   0x00000020   Code   RO         3775    i.USBD_LL_IsStallEP  usbd_conf.o
    0x080037c0   0x080037c0   0x00000018   Code   RO         3776    i.USBD_LL_OpenEP    usbd_conf.o
    0x080037d8   0x080037d8   0x00000012   Code   RO         3777    i.USBD_LL_PrepareReceive  usbd_conf.o
    0x080037ea   0x080037ea   0x00000050   Code   RO         3974    i.USBD_LL_Reset     usbd_core.o
    0x0800383a   0x0800383a   0x00000014   Code   RO         3975    i.USBD_LL_Resume    usbd_core.o
    0x0800384e   0x0800384e   0x00000018   Code   RO         3976    i.USBD_LL_SOF       usbd_core.o
    0x08003866   0x08003866   0x00000006   Code   RO         3977    i.USBD_LL_SetSpeed  usbd_core.o
    0x0800386c   0x0800386c   0x00000012   Code   RO         3778    i.USBD_LL_SetUSBAddress  usbd_conf.o
    0x0800387e   0x0800387e   0x0000005a   Code   RO         3978    i.USBD_LL_SetupStage  usbd_core.o
    0x080038d8   0x080038d8   0x00000012   Code   RO         3779    i.USBD_LL_StallEP   usbd_conf.o
    0x080038ea   0x080038ea   0x00000012   Code   RO         3780    i.USBD_LL_Start     usbd_conf.o
    0x080038fc   0x080038fc   0x00000012   Code   RO         3979    i.USBD_LL_Suspend   usbd_core.o
    0x0800390e   0x0800390e   0x00000012   Code   RO         3782    i.USBD_LL_Transmit  usbd_conf.o
    0x08003920   0x08003920   0x00000028   Code   RO         4106    i.USBD_ParseSetupRequest  usbd_ctlreq.o
    0x08003948   0x08003948   0x00000010   Code   RO         3980    i.USBD_RegisterClass  usbd_core.o
    0x08003958   0x08003958   0x00000016   Code   RO         3982    i.USBD_SetClassConfig  usbd_core.o
    0x0800396e   0x0800396e   0x00000002   PAD
    0x08003970   0x08003970   0x00000084   Code   RO         4107    i.USBD_SetConfig    usbd_ctlreq.o
    0x080039f4   0x080039f4   0x0000000a   Code   RO         3983    i.USBD_Start        usbd_core.o
    0x080039fe   0x080039fe   0x00000112   Code   RO         4108    i.USBD_StdDevReq    usbd_ctlreq.o
    0x08003b10   0x08003b10   0x00000150   Code   RO         4109    i.USBD_StdEPReq     usbd_ctlreq.o
    0x08003c60   0x08003c60   0x0000004e   Code   RO         4110    i.USBD_StdItfReq    usbd_ctlreq.o
    0x08003cae   0x08003cae   0x00000002   Code   RO         3783    i.USBD_static_free  usbd_conf.o
    0x08003cb0   0x08003cb0   0x00000008   Code   RO         3784    i.USBD_static_malloc  usbd_conf.o
    0x08003cb8   0x08003cb8   0x00000258   Code   RO         1645    i.USB_ActivateEndpoint  stm32f1xx_ll_usb.o
    0x08003f10   0x08003f10   0x00000004   Code   RO         1648    i.USB_CoreInit      stm32f1xx_ll_usb.o
    0x08003f14   0x08003f14   0x0000010e   Code   RO         1650    i.USB_DeactivateEndpoint  stm32f1xx_ll_usb.o
    0x08004022   0x08004022   0x00000004   Code   RO         1651    i.USB_DevConnect    stm32f1xx_ll_usb.o
    0x08004026   0x08004026   0x00000004   Code   RO         1652    i.USB_DevDisconnect  stm32f1xx_ll_usb.o
    0x0800402a   0x0800402a   0x00000012   Code   RO         1653    i.USB_DevInit       stm32f1xx_ll_usb.o
    0x0800403c   0x0800403c   0x0000000e   Code   RO         1654    i.USB_DisableGlobalInt  stm32f1xx_ll_usb.o
    0x0800404a   0x0800404a   0x00000004   Code   RO         1655    i.USB_EP0_OutStart  stm32f1xx_ll_usb.o
    0x0800404e   0x0800404e   0x00000078   Code   RO         1656    i.USB_EPClearStall  stm32f1xx_ll_usb.o
    0x080040c6   0x080040c6   0x00000032   Code   RO         1657    i.USB_EPSetStall    stm32f1xx_ll_usb.o
    0x080040f8   0x080040f8   0x0000060c   Code   RO         1658    i.USB_EPStartXfer   stm32f1xx_ll_usb.o
    0x08004704   0x08004704   0x00000012   Code   RO         1659    i.USB_EnableGlobalInt  stm32f1xx_ll_usb.o
    0x08004716   0x08004716   0x00000002   PAD
    0x08004718   0x08004718   0x0000000c   Code   RO          324    i.USB_LP_CAN1_RX0_IRQHandler  stm32f1xx_it.o
    0x08004724   0x08004724   0x00000006   Code   RO         1666    i.USB_ReadInterrupts  stm32f1xx_ll_usb.o
    0x0800472a   0x0800472a   0x00000002   PAD
    0x0800472c   0x0800472c   0x0000002c   Code   RO         1667    i.USB_ReadPMA       stm32f1xx_ll_usb.o
    0x08004758   0x08004758   0x00000004   Code   RO         1668    i.USB_SetCurrentMode  stm32f1xx_ll_usb.o
    0x0800475c   0x0800475c   0x0000000c   Code   RO         1669    i.USB_SetDevAddress  stm32f1xx_ll_usb.o
    0x08004768   0x08004768   0x00000026   Code   RO         1671    i.USB_WritePMA      stm32f1xx_ll_usb.o
    0x0800478e   0x0800478e   0x00000002   Code   RO          325    i.UsageFault_Handler  stm32f1xx_it.o
    0x08004790   0x08004790   0x00000020   Code   RO          562    i._Z11NBT_handlerP5nbt_t  nbt.o
    0x080047b0   0x080047b0   0x00000022   Code   RO          596    i._Z15ringbuffer_initP10ringbufferPhs  ringbuffer.o
    0x080047d2   0x080047d2   0x00000020   Code   RO          676    i._Z17ringbuffer_statusP10ringbuffer  ringbuffer.o
    0x080047f2   0x080047f2   0x00000046   Code   RO          598    i._Z18ringbuffer_getcharP10ringbufferPh  ringbuffer.o
    0x08004838   0x08004838   0x0000004a   Code   RO          599    i._Z18ringbuffer_putcharP10ringbufferh  ringbuffer.o
    0x08004882   0x08004882   0x00000034   Code   RO          600    i._Z19ringbuffer_data_lenP10ringbuffer  ringbuffer.o
    0x080048b6   0x080048b6   0x0000000e   Code   RO          563    i._Z8NBT_initP5nbt_tj  nbt.o
    0x080048c4   0x080048c4   0x0000012a   Code   RO          825    i._ZN14rosserial_msgs20RequestParamResponse11deserializeEPh  cpp_main.o
    0x080049ee   0x080049ee   0x00000002   PAD
    0x080049f0   0x080049f0   0x00000008   Code   RO         1048    i._ZN14rosserial_msgs20RequestParamResponse6getMD5Ev  cpp_main.o
    0x080049f8   0x080049f8   0x00000008   Code   RO         1042    i._ZN14rosserial_msgs20RequestParamResponse7getTypeEv  cpp_main.o
    0x08004a00   0x08004a00   0x00000008   Code   RO         1082    i._ZN14rosserial_msgs3Log6getMD5Ev  cpp_main.o
    0x08004a08   0x08004a08   0x00000008   Code   RO         1076    i._ZN14rosserial_msgs3Log7getTypeEv  cpp_main.o
    0x08004a10   0x08004a10   0x00000008   Code   RO         1030    i._ZN14rosserial_msgs9TopicInfo6getMD5Ev  cpp_main.o
    0x08004a18   0x08004a18   0x00000008   Code   RO         1024    i._ZN14rosserial_msgs9TopicInfo7getTypeEv  cpp_main.o
    0x08004a20   0x08004a20   0x00000020   Code   RO         4368    i._ZN3ros16normalizeSecNSecERjS0_  time.o
    0x08004a40   0x08004a40   0x00000008   Code   RO          982    i._ZN8std_msgs16MultiArrayLayout6getMD5Ev  cpp_main.o
    0x08004a48   0x08004a48   0x00000008   Code   RO          976    i._ZN8std_msgs16MultiArrayLayout7getTypeEv  cpp_main.o
    0x08004a50   0x08004a50   0x00000008   Code   RO         1006    i._ZN8std_msgs17Float32MultiArray6getMD5Ev  cpp_main.o
    0x08004a58   0x08004a58   0x00000008   Code   RO         1000    i._ZN8std_msgs17Float32MultiArray7getTypeEv  cpp_main.o
    0x08004a60   0x08004a60   0x00000008   Code   RO          970    i._ZN8std_msgs19MultiArrayDimension6getMD5Ev  cpp_main.o
    0x08004a68   0x08004a68   0x00000008   Code   RO          964    i._ZN8std_msgs19MultiArrayDimension7getTypeEv  cpp_main.o
    0x08004a70   0x08004a70   0x0000003e   Code   RO          831    i._ZN8std_msgs4Time11deserializeEPh  cpp_main.o
    0x08004aae   0x08004aae   0x00000002   PAD
    0x08004ab0   0x08004ab0   0x00000008   Code   RO          952    i._ZN8std_msgs4Time6getMD5Ev  cpp_main.o
    0x08004ab8   0x08004ab8   0x00000008   Code   RO          946    i._ZN8std_msgs4Time7getTypeEv  cpp_main.o
    0x08004ac0   0x08004ac0   0x00000010   Code   RO          870    i._ZN8std_msgs4TimeC1Ev  cpp_main.o
    0x08004ad0   0x08004ad0   0x000000d2   Code   RO         1036    i._ZNK14rosserial_msgs20RequestParamResponse9serializeEPh  cpp_main.o
    0x08004ba2   0x08004ba2   0x00000028   Code   RO         1064    i._ZNK14rosserial_msgs3Log9serializeEPh  cpp_main.o
    0x08004bca   0x08004bca   0x00000082   Code   RO         1012    i._ZNK14rosserial_msgs9TopicInfo9serializeEPh  cpp_main.o
    0x08004c4c   0x08004c4c   0x0000005a   Code   RO          857    i._ZNK8std_msgs16MultiArrayLayout9serializeEPh  cpp_main.o
    0x08004ca6   0x08004ca6   0x0000004e   Code   RO          988    i._ZNK8std_msgs17Float32MultiArray9serializeEPh  cpp_main.o
    0x08004cf4   0x08004cf4   0x00000058   Code   RO          958    i._ZNK8std_msgs19MultiArrayDimension9serializeEPh  cpp_main.o
    0x08004d4c   0x08004d4c   0x00000032   Code   RO          940    i._ZNK8std_msgs4Time9serializeEPh  cpp_main.o
    0x08004d7e   0x08004d7e   0x00000020   Code   RO         2313    i.__NVIC_SetPriority  stm32f1xx_hal_cortex.o
    0x08004d9e   0x08004d9e   0x00000002   PAD
    0x08004da0   0x08004da0   0x00000060   Code   RO          758    i.__sti___12_cpp_main_cpp_nh  cpp_main.o
    0x08004e00   0x08004e00   0x00000030   Code   RO          759    i.airSens_handler   cpp_main.o
    0x08004e30   0x08004e30   0x0000000c   Code   RO          760    i.cdc_receive_put   cpp_main.o
    0x08004e3c   0x08004e3c   0x00000042   Code   RO           13    i.hdc1080_init      hdc1080.o
    0x08004e7e   0x08004e7e   0x00000002   PAD
    0x08004e80   0x08004e80   0x0000006c   Code   RO          761    i.init_ROS          cpp_main.o
    0x08004eec   0x08004eec   0x00000010   Code   RO          422    i.init_ledStatus    ledstatus.o
    0x08004efc   0x08004efc   0x00000024   Code   RO          423    i.ledStatus_handler  ledstatus.o
    0x08004f20   0x08004f20   0x0000004c   Code   RO         1242    i.main              main.o
    0x08004f6c   0x08004f6c   0x00000020   Code   RO          762    i.spinOnce          cpp_main.o
    0x08004f8c   0x08004f8c   0x000000d0   Code   RO          837    t._ZN3ros11NodeHandle_I13STM32HardwareLi5ELi5ELi100ELi100EE15negotiateTopicsEv  cpp_main.o
    0x0800505c   0x0800505c   0x0000001e   Code   RO          876    t._ZN3ros11NodeHandle_I13STM32HardwareLi5ELi5ELi100ELi100EE15requestSyncTimeEv  cpp_main.o
    0x0800507a   0x0800507a   0x00000002   PAD
    0x0800507c   0x0800507c   0x000000b4   Code   RO          933    t._ZN3ros11NodeHandle_I13STM32HardwareLi5ELi5ELi100ELi100EE7publishEiPKNS_3MsgE  cpp_main.o
    0x08005130   0x08005130   0x00000290   Code   RO          844    t._ZN3ros11NodeHandle_I13STM32HardwareLi5ELi5ELi100ELi100EE8spinOnceEv  cpp_main.o
    0x080053c0   0x080053c0   0x00000074   Code   RO          889    t._ZN3ros11NodeHandle_I13STM32HardwareLi5ELi5ELi100ELi100EEC1Ev  cpp_main.o
    0x08005434   0x08005434   0x0000001a   Code   RO          883    t._ZN3ros3Msg8arrToVarIjPhEEvRT_T0_  cpp_main.o
    0x0800544e   0x0800544e   0x00000012   Code   RO         1054    t._ZN3ros3Msg8varToArrIPhjEEvT_T0_  cpp_main.o
    0x08005460   0x08005460   0x0000001c   Data   RO          769    .constdata          cpp_main.o
    0x0800547c   0x0800547c   0x00000010   Data   RO         3546    .constdata          system_stm32f1xx.o
    0x0800548c   0x0800548c   0x00000008   Data   RO         3547    .constdata          system_stm32f1xx.o
    0x08005494   0x08005494   0x00000018   Data   RO          900    .constdata__ZTVN14rosserial_msgs20RequestParamResponseE  cpp_main.o
    0x080054ac   0x080054ac   0x00000018   Data   RO         1061    .constdata__ZTVN14rosserial_msgs3LogE  cpp_main.o
    0x080054c4   0x080054c4   0x00000018   Data   RO          898    .constdata__ZTVN14rosserial_msgs9TopicInfoE  cpp_main.o
    0x080054dc   0x080054dc   0x00000014   Data   RO          908    .constdata__ZTVN3ros11NodeHandle_I13STM32HardwareLi5ELi5ELi100ELi100EEE  cpp_main.o
    0x080054f0   0x080054f0   0x00000018   Data   RO          904    .constdata__ZTVN8std_msgs16MultiArrayLayoutE  cpp_main.o
    0x08005508   0x08005508   0x00000018   Data   RO          906    .constdata__ZTVN8std_msgs17Float32MultiArrayE  cpp_main.o
    0x08005520   0x08005520   0x00000018   Data   RO          902    .constdata__ZTVN8std_msgs19MultiArrayDimensionE  cpp_main.o
    0x08005538   0x08005538   0x00000018   Data   RO          896    .constdata__ZTVN8std_msgs4TimeE  cpp_main.o
    0x08005550   0x08005550   0x00000021   Data   RO          816    .constdata__ZZN14rosserial_msgs20RequestParamResponse6getMD5EvEs  cpp_main.o
    0x08005571   0x08005571   0x00000021   Data   RO          815    .constdata__ZZN14rosserial_msgs3Log6getMD5EvEs  cpp_main.o
    0x08005592   0x08005592   0x00000013   Data   RO          814    .constdata__ZZN14rosserial_msgs3Log7getTypeEvEs  cpp_main.o
    0x080055a5   0x080055a5   0x00000021   Data   RO          812    .constdata__ZZN14rosserial_msgs9TopicInfo6getMD5EvEs  cpp_main.o
    0x080055c6   0x080055c6   0x00000019   Data   RO          811    .constdata__ZZN14rosserial_msgs9TopicInfo7getTypeEvEs  cpp_main.o
    0x080055df   0x080055df   0x00000001   Data   RO          810    .constdata__ZZN14rosserial_msgs9TopicInfoC1EvEs  cpp_main.o
    0x080055e0   0x080055e0   0x00000039   Data   RO          824    .constdata__ZZN3ros11NodeHandle_I13STM32HardwareLi5ELi5ELi100ELi100EE7publishEiPKNS_3MsgEEs  cpp_main.o
    0x08005619   0x08005619   0x00000021   Data   RO          821    .constdata__ZZN8std_msgs16MultiArrayLayout6getMD5EvEs  cpp_main.o
    0x0800563a   0x0800563a   0x0000001a   Data   RO          820    .constdata__ZZN8std_msgs16MultiArrayLayout7getTypeEvEs  cpp_main.o
    0x08005654   0x08005654   0x00000021   Data   RO          823    .constdata__ZZN8std_msgs17Float32MultiArray6getMD5EvEs  cpp_main.o
    0x08005675   0x08005675   0x0000001b   Data   RO          822    .constdata__ZZN8std_msgs17Float32MultiArray7getTypeEvEs  cpp_main.o
    0x08005690   0x08005690   0x00000021   Data   RO          819    .constdata__ZZN8std_msgs19MultiArrayDimension6getMD5EvEs  cpp_main.o
    0x080056b1   0x080056b1   0x0000001d   Data   RO          818    .constdata__ZZN8std_msgs19MultiArrayDimension7getTypeEvEs  cpp_main.o
    0x080056ce   0x080056ce   0x00000001   Data   RO          817    .constdata__ZZN8std_msgs19MultiArrayDimensionC1EvEs  cpp_main.o
    0x080056cf   0x080056cf   0x00000021   Data   RO          809    .constdata__ZZN8std_msgs4Time6getMD5EvEs  cpp_main.o
    0x080056f0   0x080056f0   0x0000000e   Data   RO          808    .constdata__ZZN8std_msgs4Time7getTypeEvEs  cpp_main.o
    0x080056fe   0x080056fe   0x00000002   PAD
    0x08005700   0x08005700   0x00000020   Data   RO         4874    Region$$Table       anon$$obj.o
    0x08005720   0x08005720   0x00000004   Data   RO          771    .init_array         cpp_main.o
    0x08005724   0x08005720   0x00000000   Data   RO         4475    .init_array         c_w.l(init_aeabi.o)


    Execution Region RW_IRAM1 (Exec base: 0x20000000, Load base: 0x08005724, Size: 0x00001880, Max: 0x00005000, ABSOLUTE, COMPRESSED[0x000000c0])

    Exec Addr    Load Addr    Size         Type   Attr      Idx    E Section Name        Object

    0x20000000   COMPRESSED   0x00000008   Data   RW          426    .data               ledstatus.o
    0x20000008   COMPRESSED   0x00000010   Data   RW          770    .data               cpp_main.o
    0x20000018   COMPRESSED   0x0000000c   Data   RW         1850    .data               stm32f1xx_hal.o
    0x20000024   COMPRESSED   0x00000004   Data   RW         3548    .data               system_stm32f1xx.o
    0x20000028   COMPRESSED   0x0000001c   Data   RW         3622    .data               usbd_desc.o
    0x20000044   COMPRESSED   0x00000032   Data   RW         3623    .data               usbd_desc.o
    0x20000076   COMPRESSED   0x00000002   PAD
    0x20000078   COMPRESSED   0x00000004   Data   RW         3706    .data               usbd_cdc_if.o
    0x2000007c   COMPRESSED   0x00000010   Data   RW         3707    .data               usbd_cdc_if.o
    0x2000008c   COMPRESSED   0x00000001   Data   RW         4111    .data               usbd_ctlreq.o
    0x2000008d   COMPRESSED   0x00000003   PAD
    0x20000090   COMPRESSED   0x000000d7   Data   RW         4243    .data               usbd_cdc.o
    0x20000167   COMPRESSED   0x00000001   PAD
    0x20000168   COMPRESSED   0x00000038   Data   RW         4244    .data               usbd_cdc.o
    0x200001a0        -       0x00000030   Zero   RW          235    .bss                adc.o
    0x200001d0        -       0x00000054   Zero   RW          277    .bss                i2c.o
    0x20000224        -       0x000001a8   Zero   RW          768    .bss                cpp_main.o
    0x200003cc        -       0x000002c4   Zero   RW         3583    .bss                usb_device.o
    0x20000690        -       0x00000200   Zero   RW         3621    .bss                usbd_desc.o
    0x20000890        -       0x00000480   Zero   RW         3704    .bss                usbd_cdc_if.o
    0x20000d10        -       0x0000050c   Zero   RW         3785    .bss                usbd_conf.o
    0x2000121c        -       0x00000060   Zero   RW         4716    .bss                c_w.l(libspace.o)
    0x2000127c   COMPRESSED   0x00000004   PAD
    0x20001280        -       0x00000200   Zero   RW            2    HEAP                startup_stm32f103xb.o
    0x20001480        -       0x00000400   Zero   RW            1    STACK               startup_stm32f103xb.o


==============================================================================

Image component sizes


      Code (inc. data)   RO Data    RW Data    ZI Data      Debug   Object Name

       164         20          0          0         48       1505   adc.o
       152         10          0          0          0       1014   ccs811.o
      2704        168        650         16        424      41010   cpp_main.o
         0          0          0          0          0       1232   duration.o
       128          8          0          0          0        883   gpio.o
        66          0          0          0          0     421651   hdc1080.o
       176         30          0          0         84       1525   i2c.o
        52         14          0          8          0       6233   ledstatus.o
       204          6          0          0          0       8283   main.o
        46          0          0          0          0       1333   nbt.o
       262          0          0          0          0       5298   ringbuffer.o
        64         26        236          0       1536        776   startup_stm32f103xb.o
       164         28          0         12          0       5633   stm32f1xx_hal.o
       622         24          0          0          0       3164   stm32f1xx_hal_adc.o
       198         14          0          0          0      28731   stm32f1xx_hal_cortex.o
       506         34          0          0          0       3361   stm32f1xx_hal_gpio.o
      3082         82          0          0          0      15648   stm32f1xx_hal_i2c.o
        60          8          0          0          0        802   stm32f1xx_hal_msp.o
      2980          0          0          0          0      13373   stm32f1xx_hal_pcd.o
        60          0          0          0          0       1106   stm32f1xx_hal_pcd_ex.o
      1240         88          0          0          0       4461   stm32f1xx_hal_rcc.o
       236         12          0          0          0       1316   stm32f1xx_hal_rcc_ex.o
        32          6          0          0          0       3983   stm32f1xx_it.o
      2758          0          0          0          0      15959   stm32f1xx_ll_usb.o
         2          0         24          4          0       1011   system_stm32f1xx.o
        32          4          0          0          0        887   time.o
        84         18          0          0        708        724   usb_device.o
       726         16          0        271          0      12434   usbd_cdc.o
       188         30          0         20       1152       3399   usbd_cdc_if.o
       556         30          0          0       1292      13345   usbd_conf.o
       670          0          0          0          0       8983   usbd_core.o
      1186         28          0          1          0       7616   usbd_ctlreq.o
       288        104          0         78        512       5581   usbd_desc.o
       132          0          0          0          0       4084   usbd_ioreq.o

    ----------------------------------------------------------------------
     19852        808        944        416       5756     646344   Object Totals
         0          0         32          0          0          0   (incl. Generated)
        32          0          2          6          0          0   (incl. Padding)

    ----------------------------------------------------------------------

      Code (inc. data)   RO Data    RW Data    ZI Data      Debug   Library Member Name

        90          0          0          0          0          0   __dczerorl2.o
         8          0          0          0          0         68   __main.o
         0          0          0          0          0          0   __rtentry.o
        12          0          0          0          0          0   __rtentry2.o
         6          0          0          0          0          0   __rtentry4.o
        52          8          0          0          0          0   __scatter.o
        28          0          0          0          0          0   __scatter_zi.o
        10          0          0          0          0         68   defsig_exit.o
        50          0          0          0          0         88   defsig_general.o
        80         58          0          0          0         76   defsig_rtmem_inner.o
        14          0          0          0          0         80   defsig_rtmem_outer.o
        18          0          0          0          0         80   exit.o
        94          0          0          0          0         80   h1_alloc.o
        52          0          0          0          0         68   h1_extend.o
        78          0          0          0          0         80   h1_free.o
        14          0          0          0          0         84   h1_init.o
       184          0          0          0          0         92   h1_realloc.o
         6          0          0          0          0        152   heapauxi.o
         4          0          0          0          0        136   hguard.o
         0          0          0          0          0          0   indicate_semi.o
        36         10          0          0          0         80   init_aeabi.o
       138          0          0          0          0        168   init_alloc.o
         2          0          0          0          0          0   libinit.o
        14          0          0          0          0          0   libinit2.o
         2          0          0          0          0          0   libshutdown.o
         2          0          0          0          0          0   libshutdown2.o
         8          4          0          0         96         68   libspace.o
         0          0          0          0          0          0   maybetermalloc1.o
         8          4          0          0          0         68   rt_heap_descriptor_intlibspace.o
        78          0          0          0          0         80   rt_memclr_w.o
       138          0          0          0          0         68   rt_memcpy_v6.o
       100          0          0          0          0         80   rt_memcpy_w.o
         2          0          0          0          0          0   rtexit.o
        10          0          0          0          0          0   rtexit2.o
        62          0          0          0          0         76   strlen.o
        12          4          0          0          0         68   sys_exit.o
        74          0          0          0          0         80   sys_stackheap_outer.o
        14          0          0          0          0         76   sys_wrch.o
         2          0          0          0          0         68   use_no_semi.o

    ----------------------------------------------------------------------
      1512         88          0          0        100       2132   Library Totals
        10          0          0          0          4          0   (incl. Padding)

    ----------------------------------------------------------------------

      Code (inc. data)   RO Data    RW Data    ZI Data      Debug   Library Name

      1502         88          0          0         96       2132   c_w.l

    ----------------------------------------------------------------------
      1512         88          0          0        100       2132   Library Totals

    ----------------------------------------------------------------------

==============================================================================


      Code (inc. data)   RO Data    RW Data    ZI Data      Debug   

     21364        896        944        416       5856     636512   Grand Totals
     21364        896        944        192       5856     636512   ELF Image Totals (compressed)
     21364        896        944        192          0          0   ROM Totals

==============================================================================

    Total RO  Size (Code + RO Data)                22308 (  21.79kB)
    Total RW  Size (RW Data + ZI Data)              6272 (   6.13kB)
    Total ROM Size (Code + RO Data + RW Data)      22500 (  21.97kB)

==============================================================================

